Archive member included to satisfy reference by file (symbol)

C:/ST/STM32CubeIDE_2.2.0/STM32CubeIDE/plugins/com.st.stm32cube.ide.mcu.externaltools.gnu-tools-for-stm32.14.3.rel1.win32_1.0.100.202602081740/tools/bin/../lib/gcc/arm-none-eabi/14.3.1/../../../../arm-none-eabi/lib/thumb/v8-m.main+fp/hard\libc_nano.a(libc_a-exit.o)
                              C:/ST/STM32CubeIDE_2.2.0/STM32CubeIDE/plugins/com.st.stm32cube.ide.mcu.externaltools.gnu-tools-for-stm32.14.3.rel1.win32_1.0.100.202602081740/tools/bin/../lib/gcc/arm-none-eabi/14.3.1/../../../../arm-none-eabi/lib/thumb/v8-m.main+fp/hard/crt0.o (exit)
C:/ST/STM32CubeIDE_2.2.0/STM32CubeIDE/plugins/com.st.stm32cube.ide.mcu.externaltools.gnu-tools-for-stm32.14.3.rel1.win32_1.0.100.202602081740/tools/bin/../lib/gcc/arm-none-eabi/14.3.1/../../../../arm-none-eabi/lib/thumb/v8-m.main+fp/hard\libc_nano.a(libc_a-findfp.o)
                              C:/ST/STM32CubeIDE_2.2.0/STM32CubeIDE/plugins/com.st.stm32cube.ide.mcu.externaltools.gnu-tools-for-stm32.14.3.rel1.win32_1.0.100.202602081740/tools/bin/../lib/gcc/arm-none-eabi/14.3.1/../../../../arm-none-eabi/lib/thumb/v8-m.main+fp/hard\libc_nano.a(libc_a-exit.o) (__stdio_exit_handler)
C:/ST/STM32CubeIDE_2.2.0/STM32CubeIDE/plugins/com.st.stm32cube.ide.mcu.externaltools.gnu-tools-for-stm32.14.3.rel1.win32_1.0.100.202602081740/tools/bin/../lib/gcc/arm-none-eabi/14.3.1/../../../../arm-none-eabi/lib/thumb/v8-m.main+fp/hard\libc_nano.a(libc_a-fwalk.o)
                              C:/ST/STM32CubeIDE_2.2.0/STM32CubeIDE/plugins/com.st.stm32cube.ide.mcu.externaltools.gnu-tools-for-stm32.14.3.rel1.win32_1.0.100.202602081740/tools/bin/../lib/gcc/arm-none-eabi/14.3.1/../../../../arm-none-eabi/lib/thumb/v8-m.main+fp/hard\libc_nano.a(libc_a-findfp.o) (_fwalk_sglue)
C:/ST/STM32CubeIDE_2.2.0/STM32CubeIDE/plugins/com.st.stm32cube.ide.mcu.externaltools.gnu-tools-for-stm32.14.3.rel1.win32_1.0.100.202602081740/tools/bin/../lib/gcc/arm-none-eabi/14.3.1/../../../../arm-none-eabi/lib/thumb/v8-m.main+fp/hard\libc_nano.a(libc_a-printf.o)
                              ./Core/Src/main.o (printf)
C:/ST/STM32CubeIDE_2.2.0/STM32CubeIDE/plugins/com.st.stm32cube.ide.mcu.externaltools.gnu-tools-for-stm32.14.3.rel1.win32_1.0.100.202602081740/tools/bin/../lib/gcc/arm-none-eabi/14.3.1/../../../../arm-none-eabi/lib/thumb/v8-m.main+fp/hard\libc_nano.a(libc_a-stdio.o)
                              C:/ST/STM32CubeIDE_2.2.0/STM32CubeIDE/plugins/com.st.stm32cube.ide.mcu.externaltools.gnu-tools-for-stm32.14.3.rel1.win32_1.0.100.202602081740/tools/bin/../lib/gcc/arm-none-eabi/14.3.1/../../../../arm-none-eabi/lib/thumb/v8-m.main+fp/hard\libc_nano.a(libc_a-findfp.o) (__sread)
C:/ST/STM32CubeIDE_2.2.0/STM32CubeIDE/plugins/com.st.stm32cube.ide.mcu.externaltools.gnu-tools-for-stm32.14.3.rel1.win32_1.0.100.202602081740/tools/bin/../lib/gcc/arm-none-eabi/14.3.1/../../../../arm-none-eabi/lib/thumb/v8-m.main+fp/hard\libc_nano.a(libc_a-memset.o)
                              C:/ST/STM32CubeIDE_2.2.0/STM32CubeIDE/plugins/com.st.stm32cube.ide.mcu.externaltools.gnu-tools-for-stm32.14.3.rel1.win32_1.0.100.202602081740/tools/bin/../lib/gcc/arm-none-eabi/14.3.1/../../../../arm-none-eabi/lib/thumb/v8-m.main+fp/hard/crt0.o (memset)
C:/ST/STM32CubeIDE_2.2.0/STM32CubeIDE/plugins/com.st.stm32cube.ide.mcu.externaltools.gnu-tools-for-stm32.14.3.rel1.win32_1.0.100.202602081740/tools/bin/../lib/gcc/arm-none-eabi/14.3.1/../../../../arm-none-eabi/lib/thumb/v8-m.main+fp/hard\libc_nano.a(libc_a-closer.o)
                              C:/ST/STM32CubeIDE_2.2.0/STM32CubeIDE/plugins/com.st.stm32cube.ide.mcu.externaltools.gnu-tools-for-stm32.14.3.rel1.win32_1.0.100.202602081740/tools/bin/../lib/gcc/arm-none-eabi/14.3.1/../../../../arm-none-eabi/lib/thumb/v8-m.main+fp/hard\libc_nano.a(libc_a-stdio.o) (_close_r)
C:/ST/STM32CubeIDE_2.2.0/STM32CubeIDE/plugins/com.st.stm32cube.ide.mcu.externaltools.gnu-tools-for-stm32.14.3.rel1.win32_1.0.100.202602081740/tools/bin/../lib/gcc/arm-none-eabi/14.3.1/../../../../arm-none-eabi/lib/thumb/v8-m.main+fp/hard\libc_nano.a(libc_a-reent.o)
                              C:/ST/STM32CubeIDE_2.2.0/STM32CubeIDE/plugins/com.st.stm32cube.ide.mcu.externaltools.gnu-tools-for-stm32.14.3.rel1.win32_1.0.100.202602081740/tools/bin/../lib/gcc/arm-none-eabi/14.3.1/../../../../arm-none-eabi/lib/thumb/v8-m.main+fp/hard\libc_nano.a(libc_a-closer.o) (errno)
C:/ST/STM32CubeIDE_2.2.0/STM32CubeIDE/plugins/com.st.stm32cube.ide.mcu.externaltools.gnu-tools-for-stm32.14.3.rel1.win32_1.0.100.202602081740/tools/bin/../lib/gcc/arm-none-eabi/14.3.1/../../../../arm-none-eabi/lib/thumb/v8-m.main+fp/hard\libc_nano.a(libc_a-impure.o)
                              C:/ST/STM32CubeIDE_2.2.0/STM32CubeIDE/plugins/com.st.stm32cube.ide.mcu.externaltools.gnu-tools-for-stm32.14.3.rel1.win32_1.0.100.202602081740/tools/bin/../lib/gcc/arm-none-eabi/14.3.1/../../../../arm-none-eabi/lib/thumb/v8-m.main+fp/hard\libc_nano.a(libc_a-printf.o) (_impure_ptr)
[...]
Memory Configuration

Name             Origin             Length             Attributes
RAM              0x20000000         0x00030000         xrw
RAM2             0x20030000         0x00010000         xrw
FLASH            0x08000000         0x00080000         xr
*default*        0x00000000         0xffffffff

Linker script and memory map

LOAD C:/ST/STM32CubeIDE_2.2.0/STM32CubeIDE/plugins/com.st.stm32cube.ide.mcu.externaltools.gnu-tools-for-stm32.14.3.rel1.win32_1.0.100.202602081740/tools/bin/../lib/gcc/arm-none-eabi/14.3.1/thumb/v8-m.main+fp/hard/crti.o
LOAD C:/ST/STM32CubeIDE_2.2.0/STM32CubeIDE/plugins/com.st.stm32cube.ide.mcu.externaltools.gnu-tools-for-stm32.14.3.rel1.win32_1.0.100.202602081740/tools/bin/../lib/gcc/arm-none-eabi/14.3.1/thumb/v8-m.main+fp/hard/crtbegin.o
LOAD C:/ST/STM32CubeIDE_2.2.0/STM32CubeIDE/plugins/com.st.stm32cube.ide.mcu.externaltools.gnu-tools-for-stm32.14.3.rel1.win32_1.0.100.202602081740/tools/bin/../lib/gcc/arm-none-eabi/14.3.1/../../../../arm-none-eabi/lib/thumb/v8-m.main+fp/hard/crt0.o
LOAD ./Core/Src/main.o
LOAD ./Core/Src/stm32l5xx_hal_msp.o
LOAD ./Core/Src/stm32l5xx_it.o
LOAD ./Core/Src/syscalls.o
LOAD ./Core/Src/sysmem.o
LOAD ./Core/Src/system_stm32l5xx.o
LOAD ./Core/Startup/startup_stm32l552zetxq.o
LOAD ./Drivers/BSP/STM32L5xx_Nucleo/stm32l5xx_nucleo.o
LOAD ./Drivers/STM32L5xx_HAL_Driver/Src/stm32l5xx_hal.o
LOAD ./Drivers/STM32L5xx_HAL_Driver/Src/stm32l5xx_hal_cortex.o
LOAD ./Drivers/STM32L5xx_HAL_Driver/Src/stm32l5xx_hal_dfsdm.o
LOAD ./Drivers/STM32L5xx_HAL_Driver/Src/stm32l5xx_hal_dfsdm_ex.o
LOAD ./Drivers/STM32L5xx_HAL_Driver/Src/stm32l5xx_hal_dma.o
LOAD ./Drivers/STM32L5xx_HAL_Driver/Src/stm32l5xx_hal_dma_ex.o
LOAD ./Drivers/STM32L5xx_HAL_Driver/Src/stm32l5xx_hal_exti.o
LOAD ./Drivers/STM32L5xx_HAL_Driver/Src/stm32l5xx_hal_flash.o
LOAD ./Drivers/STM32L5xx_HAL_Driver/Src/stm32l5xx_hal_flash_ex.o
LOAD ./Drivers/STM32L5xx_HAL_Driver/Src/stm32l5xx_hal_flash_ramfunc.o
LOAD ./Drivers/STM32L5xx_HAL_Driver/Src/stm32l5xx_hal_gpio.o
LOAD ./Drivers/STM32L5xx_HAL_Driver/Src/stm32l5xx_hal_i2c.o
LOAD ./Drivers/STM32L5xx_HAL_Driver/Src/stm32l5xx_hal_i2c_ex.o
LOAD ./Drivers/STM32L5xx_HAL_Driver/Src/stm32l5xx_hal_icache.o
LOAD ./Drivers/STM32L5xx_HAL_Driver/Src/stm32l5xx_hal_pwr.o
LOAD ./Drivers/STM32L5xx_HAL_Driver/Src/stm32l5xx_hal_pwr_ex.o
LOAD ./Drivers/STM32L5xx_HAL_Driver/Src/stm32l5xx_hal_rcc.o
LOAD ./Drivers/STM32L5xx_HAL_Driver/Src/stm32l5xx_hal_rcc_ex.o
LOAD ./Drivers/STM32L5xx_HAL_Driver/Src/stm32l5xx_hal_uart.o
LOAD ./Drivers/STM32L5xx_HAL_Driver/Src/stm32l5xx_hal_uart_ex.o
LOAD ./Drivers/STM32L5xx_HAL_Driver/Src/stm32l5xx_hal_usart.o
LOAD ./Drivers/STM32L5xx_HAL_Driver/Src/stm32l5xx_hal_usart_ex.o
START GROUP
LOAD C:/ST/STM32CubeIDE_2.2.0/STM32CubeIDE/plugins/com.st.stm32cube.ide.mcu.externaltools.gnu-tools-for-stm32.14.3.rel1.win32_1.0.100.202602081740/tools/bin/../lib/gcc/arm-none-eabi/14.3.1/../../../../arm-none-eabi/lib/thumb/v8-m.main+fp/hard\libc_nano.a
LOAD C:/ST/STM32CubeIDE_2.2.0/STM32CubeIDE/plugins/com.st.stm32cube.ide.mcu.externaltools.gnu-tools-for-stm32.14.3.rel1.win32_1.0.100.202602081740/tools/bin/../lib/gcc/arm-none-eabi/14.3.1/../../../../arm-none-eabi/lib/thumb/v8-m.main+fp/hard\libm.a
END GROUP
START GROUP
LOAD C:/ST/STM32CubeIDE_2.2.0/STM32CubeIDE/plugins/com.st.stm32cube.ide.mcu.externaltools.gnu-tools-for-stm32.14.3.rel1.win32_1.0.100.202602081740/tools/bin/../lib/gcc/arm-none-eabi/14.3.1/thumb/v8-m.main+fp/hard\libgcc.a
LOAD C:/ST/STM32CubeIDE_2.2.0/STM32CubeIDE/plugins/com.st.stm32cube.ide.mcu.externaltools.gnu-tools-for-stm32.14.3.rel1.win32_1.0.100.202602081740/tools/bin/../lib/gcc/arm-none-eabi/14.3.1/../../../../arm-none-eabi/lib/thumb/v8-m.main+fp/hard\libc_nano.a
END GROUP
START GROUP
LOAD C:/ST/STM32CubeIDE_2.2.0/STM32CubeIDE/plugins/com.st.stm32cube.ide.mcu.externaltools.gnu-tools-for-stm32.14.3.rel1.win32_1.0.100.202602081740/tools/bin/../lib/gcc/arm-none-eabi/14.3.1/thumb/v8-m.main+fp/hard\libgcc.a
LOAD C:/ST/STM32CubeIDE_2.2.0/STM32CubeIDE/plugins/com.st.stm32cube.ide.mcu.externaltools.gnu-tools-for-stm32.14.3.rel1.win32_1.0.100.202602081740/tools/bin/../lib/gcc/arm-none-eabi/14.3.1/../../../../arm-none-eabi/lib/thumb/v8-m.main+fp/hard\libc_nano.a
LOAD C:/ST/STM32CubeIDE_2.2.0/STM32CubeIDE/plugins/com.st.stm32cube.ide.mcu.externaltools.gnu-tools-for-stm32.14.3.rel1.win32_1.0.100.202602081740/tools/bin/../lib/gcc/arm-none-eabi/14.3.1/../../../../arm-none-eabi/lib/thumb/v8-m.main+fp/hard\libnosys.a
END GROUP
START GROUP
LOAD C:/ST/STM32CubeIDE_2.2.0/STM32CubeIDE/plugins/com.st.stm32cube.ide.mcu.externaltools.gnu-tools-for-stm32.14.3.rel1.win32_1.0.100.202602081740/tools/bin/../lib/gcc/arm-none-eabi/14.3.1/thumb/v8-m.main+fp/hard\libgcc.a
LOAD C:/ST/STM32CubeIDE_2.2.0/STM32CubeIDE/plugins/com.st.stm32cube.ide.mcu.externaltools.gnu-tools-for-stm32.14.3.rel1.win32_1.0.100.202602081740/tools/bin/../lib/gcc/arm-none-eabi/14.3.1/../../../../arm-none-eabi/lib/thumb/v8-m.main+fp/hard\libc_nano.a
LOAD C:/ST/STM32CubeIDE_2.2.0/STM32CubeIDE/plugins/com.st.stm32cube.ide.mcu.externaltools.gnu-tools-for-stm32.14.3.rel1.win32_1.0.100.202602081740/tools/bin/../lib/gcc/arm-none-eabi/14.3.1/../../../../arm-none-eabi/lib/thumb/v8-m.main+fp/hard\libnosys.a
END GROUP
LOAD C:/ST/STM32CubeIDE_2.2.0/STM32CubeIDE/plugins/com.st.stm32cube.ide.mcu.externaltools.gnu-tools-for-stm32.14.3.rel1.win32_1.0.100.202602081740/tools/bin/../lib/gcc/arm-none-eabi/14.3.1/thumb/v8-m.main+fp/hard/crtend.o
LOAD C:/ST/STM32CubeIDE_2.2.0/STM32CubeIDE/plugins/com.st.stm32cube.ide.mcu.externaltools.gnu-tools-for-stm32.14.3.rel1.win32_1.0.100.202602081740/tools/bin/../lib/gcc/arm-none-eabi/14.3.1/thumb/v8-m.main+fp/hard/crtn.o
                0x20030000                        _estack = (ORIGIN (RAM) + LENGTH (RAM))
                0x2002fc00                        _sstack = (_estack - _Min_Stack_Size)
                0x00000200                        _Min_Heap_Size = 0x200
                0x00000400                        _Min_Stack_Size = 0x400

.isr_vector     0x08000000      0x1f4
                0x08000000                        . = ALIGN (0x4)
 *(.isr_vector)
 .isr_vector    0x08000000      0x1f4 ./Core/Startup/startup_stm32l552zetxq.o
                0x08000000                g_pfnVectors
                0x080001f4                        . = ALIGN (0x4)

.text           0x080001f4     0x6054
                0x080001f4                        . = ALIGN (0x4)
 *(.text)
 .text          0x080001f4       0x40 C:/ST/STM32CubeIDE_2.2.0/STM32CubeIDE/plugins/com.st.stm32cube.ide.mcu.externaltools.gnu-tools-for-stm32.14.3.rel1.win32_1.0.100.202602081740/tools/bin/../lib/gcc/arm-none-eabi/14.3.1/thumb/v8-m.main+fp/hard/crtbegin.o
 .text          0x08000234       0x30 C:/ST/STM32CubeIDE_2.2.0/STM32CubeIDE/plugins/com.st.stm32cube.ide.mcu.externaltools.gnu-tools-for-stm32.14.3.rel1.win32_1.0.100.202602081740/tools/bin/../lib/gcc/arm-none-eabi/14.3.1/thumb/v8-m.main+fp/hard\libgcc.a(_aeabi_uldivmod.o)
                0x08000234                __aeabi_uldivmod
 .text          0x08000264      0x34c C:/ST/STM32CubeIDE_2.2.0/STM32CubeIDE/plugins/com.st.stm32cube.ide.mcu.externaltools.gnu-tools-for-stm32.14.3.rel1.win32_1.0.100.202602081740/tools/bin/../lib/gcc/arm-none-eabi/14.3.1/thumb/v8-m.main+fp/hard\libgcc.a(_udivmoddi4.o)
                0x08000264                __udivmoddi4
 .text          0x080005b0        0x4 C:/ST/STM32CubeIDE_2.2.0/STM32CubeIDE/plugins/com.st.stm32cube.ide.mcu.externaltools.gnu-tools-for-stm32.14.3.rel1.win32_1.0.100.202602081740/tools/bin/../lib/gcc/arm-none-eabi/14.3.1/thumb/v8-m.main+fp/hard\libgcc.a(_dvmd_tls.o)
                0x080005b0                __aeabi_idiv0
                0x080005b0                __aeabi_ldiv0
 *(.text*)
 .text.store_samples
                0x080005b4       0x5c ./Core/Src/main.o
                0x080005b4                store_samples
 .text.main     0x08000610      0x198 ./Core/Src/main.o
                0x08000610                main
 .text.SystemClock_Config
                0x080007a8       0xa2 ./Core/Src/main.o
                0x080007a8                SystemClock_Config
 *fill*         0x0800084a        0x2 
 .text.MX_DFSDM1_Init
                0x0800084c       0xcc ./Core/Src/main.o
 .text.MX_ICACHE_Init
                0x08000918       0x26 ./Core/Src/main.o
 *fill*         0x0800093e        0x2 
 .text.MX_DMA_Init
                0x08000940       0x54 ./Core/Src/main.o
 .text.MX_GPIO_Init
                0x08000994       0x90 ./Core/Src/main.o
 .text.HAL_DFSDM_FilterRegConvHalfCpltCallback
                0x08000a24       0x20 ./Core/Src/main.o
                0x08000a24                HAL_DFSDM_FilterRegConvHalfCpltCallback
 .text.HAL_DFSDM_FilterRegConvCpltCallback
                0x08000a44       0x20 ./Core/Src/main.o
                0x08000a44                HAL_DFSDM_FilterRegConvCpltCallback
 .text.BSP_PB_Callback
                0x08000a64       0x28 ./Core/Src/main.o
                0x08000a64                BSP_PB_Callback
 .text.Error_Handler
                0x08000a8c        0xc ./Core/Src/main.o
                0x08000a8c                Error_Handler
 .text.HAL_MspInit
                0x08000a98       0x48 ./Core/Src/stm32l5xx_hal_msp.o
                0x08000a98                HAL_MspInit
 .text.HAL_DFSDM_FilterMspInit
                0x08000ae0      0x1b0 ./Core/Src/stm32l5xx_hal_msp.o
                0x08000ae0                HAL_DFSDM_FilterMspInit
 .text.HAL_DFSDM_ChannelMspInit
                0x08000c90      0x124 ./Core/Src/stm32l5xx_hal_msp.o
                0x08000c90                HAL_DFSDM_ChannelMspInit
 .text.NMI_Handler
                0x08000db4        0x8 ./Core/Src/stm32l5xx_it.o
                0x08000db4                NMI_Handler
 .text.HardFault_Handler
                0x08000dbc        0x8 ./Core/Src/stm32l5xx_it.o
                0x08000dbc                HardFault_Handler
 .text.MemManage_Handler
                0x08000dc4        0x8 ./Core/Src/stm32l5xx_it.o
                0x08000dc4                MemManage_Handler
 .text.BusFault_Handler
                0x08000dcc        0x8 ./Core/Src/stm32l5xx_it.o
                0x08000dcc                BusFault_Handler
 .text.UsageFault_Handler
                0x08000dd4        0x8 ./Core/Src/stm32l5xx_it.o
                0x08000dd4                UsageFault_Handler
 .text.SVC_Handler
                0x08000ddc        0xe ./Core/Src/stm32l5xx_it.o
                0x08000ddc                SVC_Handler
 .text.DebugMon_Handler
                0x08000dea        0xe ./Core/Src/stm32l5xx_it.o
                0x08000dea                DebugMon_Handler
 .text.PendSV_Handler
                0x08000df8        0xe ./Core/Src/stm32l5xx_it.o
                0x08000df8                PendSV_Handler
 .text.SysTick_Handler
                0x08000e06        0xc ./Core/Src/stm32l5xx_it.o
                0x08000e06                SysTick_Handler
 .text.EXTI13_IRQHandler
                0x08000e12        0xe ./Core/Src/stm32l5xx_it.o
                0x08000e12                EXTI13_IRQHandler
 .text.DMA1_Channel1_IRQHandler
                0x08000e20       0x14 ./Core/Src/stm32l5xx_it.o
                0x08000e20                DMA1_Channel1_IRQHandler
 .text._read    0x08000e34       0x3a ./Core/Src/syscalls.o
                0x08000e34                _read
 .text._write   0x08000e6e       0x38 ./Core/Src/syscalls.o
                0x08000e6e                _write
 .text._close   0x08000ea6       0x18 ./Core/Src/syscalls.o
                0x08000ea6                _close
 .text._fstat   0x08000ebe       0x20 ./Core/Src/syscalls.o
                0x08000ebe                _fstat
 .text._isatty  0x08000ede       0x16 ./Core/Src/syscalls.o
                0x08000ede                _isatty
 .text._lseek   0x08000ef4       0x1a ./Core/Src/syscalls.o
                0x08000ef4                _lseek
 *fill*         0x08000f0e        0x2 
 .text._sbrk    0x08000f10       0x6c ./Core/Src/sysmem.o
                0x08000f10                _sbrk
 .text.SystemInit
                0x08000f7c       0x24 ./Core/Src/system_stm32l5xx.o
                0x08000f7c                SystemInit
 .text.SystemCoreClockUpdate
                0x08000fa0      0x15c ./Core/Src/system_stm32l5xx.o
                0x08000fa0                SystemCoreClockUpdate
 .text.Reset_Handler
                0x080010fc       0x50 ./Core/Startup/startup_stm32l552zetxq.o
                0x080010fc                Reset_Handler
 .text.Default_Handler
                0x0800114c        0x2 ./Core/Startup/startup_stm32l552zetxq.o
                0x0800114c                EXTI2_IRQHandler
                0x0800114c                TIM8_TRG_COM_IRQHandler
                0x0800114c                TIM8_CC_IRQHandler
                0x0800114c                EXTI5_IRQHandler
                0x0800114c                FLASH_S_IRQHandler
                0x0800114c                TIM1_CC_IRQHandler
                0x0800114c                TSC_IRQHandler
                0x0800114c                TAMP_IRQHandler
                0x0800114c                TIM6_IRQHandler
                0x0800114c                EXTI12_IRQHandler
                0x0800114c                DMA2_Channel8_IRQHandler
                0x0800114c                EXTI3_IRQHandler
                0x0800114c                EXTI8_IRQHandler
                0x0800114c                LPTIM2_IRQHandler
                0x0800114c                DFSDM1_FLT1_IRQHandler
                0x0800114c                USB_FS_IRQHandler
                0x0800114c                I2C3_ER_IRQHandler
                0x0800114c                DFSDM1_FLT2_IRQHandler
                0x0800114c                DMAMUX1_IRQHandler
                0x0800114c                LPTIM3_IRQHandler
                0x0800114c                EXTI0_IRQHandler
                0x0800114c                I2C2_EV_IRQHandler
                0x0800114c                FPU_IRQHandler
                0x0800114c                FDCAN1_IT1_IRQHandler
                0x0800114c                ADC1_2_IRQHandler
                0x0800114c                SPI1_IRQHandler
                0x0800114c                OCTOSPI1_IRQHandler
                0x0800114c                TIM8_UP_IRQHandler
                0x0800114c                RCC_S_IRQHandler
                0x0800114c                DMA2_Channel2_IRQHandler
                0x0800114c                DMA1_Channel4_IRQHandler
                0x0800114c                SAI2_IRQHandler
                0x0800114c                DFSDM1_FLT3_IRQHandler
                0x0800114c                EXTI15_IRQHandler
                0x0800114c                TIM17_IRQHandler
                0x0800114c                USART3_IRQHandler
                0x0800114c                RTC_IRQHandler
                0x0800114c                EXTI9_IRQHandler
                0x0800114c                DMA1_Channel7_IRQHandler
                0x0800114c                UART5_IRQHandler
                0x0800114c                TIM4_IRQHandler
                0x0800114c                DMA2_Channel1_IRQHandler
                0x0800114c                I2C1_EV_IRQHandler
                0x0800114c                DMA1_Channel6_IRQHandler
                0x0800114c                TIM16_IRQHandler
                0x0800114c                UART4_IRQHandler
                0x0800114c                DMA2_Channel4_IRQHandler
                0x0800114c                SecureFault_Handler
                0x0800114c                TIM3_IRQHandler
                0x0800114c                RCC_IRQHandler
                0x0800114c                TIM1_TRG_COM_IRQHandler
                0x0800114c                Default_Handler
                0x0800114c                DMA2_Channel7_IRQHandler
                0x0800114c                DMA1_Channel8_IRQHandler
                0x0800114c                TIM7_IRQHandler
                0x0800114c                SDMMC1_IRQHandler
                0x0800114c                TIM5_IRQHandler
                0x0800114c                UCPD1_IRQHandler
                0x0800114c                TIM15_IRQHandler
                0x0800114c                I2C3_EV_IRQHandler
                0x0800114c                PVD_PVM_IRQHandler
                0x0800114c                SPI2_IRQHandler
                0x0800114c                EXTI14_IRQHandler
                0x0800114c                EXTI11_IRQHandler
                0x0800114c                DMA2_Channel5_IRQHandler
                0x0800114c                CRS_IRQHandler
                0x0800114c                DMA1_Channel5_IRQHandler
                0x0800114c                EXTI4_IRQHandler
                0x0800114c                RTC_S_IRQHandler
                0x0800114c                RNG_IRQHandler
                0x0800114c                DMAMUX1_S_IRQHandler
                0x0800114c                DMA1_Channel3_IRQHandler
                0x0800114c                COMP_IRQHandler
                0x0800114c                TIM1_UP_IRQHandler
                0x0800114c                WWDG_IRQHandler
                0x0800114c                I2C4_EV_IRQHandler
                0x0800114c                LPUART1_IRQHandler
                0x0800114c                DMA2_Channel6_IRQHandler
                0x0800114c                FDCAN1_IT0_IRQHandler
                0x0800114c                TIM2_IRQHandler
                0x0800114c                TAMP_S_IRQHandler
                0x0800114c                EXTI7_IRQHandler
                0x0800114c                TIM1_BRK_IRQHandler
                0x0800114c                DAC_IRQHandler
                0x0800114c                EXTI1_IRQHandler
                0x0800114c                GTZC_IRQHandler
                0x0800114c                USART2_IRQHandler
                0x0800114c                DFSDM1_FLT0_IRQHandler
                0x0800114c                I2C2_ER_IRQHandler
                0x0800114c                DMA1_Channel2_IRQHandler
                0x0800114c                TIM8_BRK_IRQHandler
                0x0800114c                FLASH_IRQHandler
                0x0800114c                USART1_IRQHandler
                0x0800114c                EXTI10_IRQHandler
                0x0800114c                SPI3_IRQHandler
                0x0800114c                I2C1_ER_IRQHandler
                0x0800114c                FMC_IRQHandler
                0x0800114c                EXTI6_IRQHandler
                0x0800114c                LPTIM1_IRQHandler
                0x0800114c                I2C4_ER_IRQHandler
                0x0800114c                ICACHE_IRQHandler
                0x0800114c                SAI1_IRQHandler
                0x0800114c                HASH_IRQHandler
                0x0800114c                DMA2_Channel3_IRQHandler
 *fill*         0x0800114e        0x2 
 .text.BSP_LED_Init
                0x08001150       0xbc ./Drivers/BSP/STM32L5xx_Nucleo/stm32l5xx_nucleo.o
                0x08001150                BSP_LED_Init
 .text.BSP_LED_On
                0x0800120c       0x34 ./Drivers/BSP/STM32L5xx_Nucleo/stm32l5xx_nucleo.o
                0x0800120c                BSP_LED_On
 .text.BSP_LED_Off
                0x08001240       0x34 ./Drivers/BSP/STM32L5xx_Nucleo/stm32l5xx_nucleo.o
                0x08001240                BSP_LED_Off
 .text.BSP_PB_Init
                0x08001274      0x134 ./Drivers/BSP/STM32L5xx_Nucleo/stm32l5xx_nucleo.o
                0x08001274                BSP_PB_Init
 .text.BSP_PB_IRQHandler
                0x080013a8       0x2c ./Drivers/BSP/STM32L5xx_Nucleo/stm32l5xx_nucleo.o
                0x080013a8                BSP_PB_IRQHandler
 .text.BSP_COM_Init
                0x080013d4       0xa8 ./Drivers/BSP/STM32L5xx_Nucleo/stm32l5xx_nucleo.o
                0x080013d4                BSP_COM_Init
 .text.__io_putchar
                0x0800147c       0x38 ./Drivers/BSP/STM32L5xx_Nucleo/stm32l5xx_nucleo.o
                0x0800147c                __io_putchar
 .text.MX_LPUART1_Init
                0x080014b4       0x62 ./Drivers/BSP/STM32L5xx_Nucleo/stm32l5xx_nucleo.o
                0x080014b4                MX_LPUART1_Init
 .text.MX_USART3_Init
                0x08001516       0x62 ./Drivers/BSP/STM32L5xx_Nucleo/stm32l5xx_nucleo.o
                0x08001516                MX_USART3_Init
 .text.BUTTON_USER_EXTI_Callback
                0x08001578        0xe ./Drivers/BSP/STM32L5xx_Nucleo/stm32l5xx_nucleo.o
 *fill*         0x08001586        0x2 
 .text.UART_MspInit
                0x08001588      0x1a0 ./Drivers/BSP/STM32L5xx_Nucleo/stm32l5xx_nucleo.o
 .text.HAL_Init
                0x08001728       0x34 ./Drivers/STM32L5xx_HAL_Driver/Src/stm32l5xx_hal.o
                0x08001728                HAL_Init
 .text.HAL_InitTick
                0x0800175c       0x78 ./Drivers/STM32L5xx_HAL_Driver/Src/stm32l5xx_hal.o
                0x0800175c                HAL_InitTick
 .text.HAL_IncTick
                0x080017d4       0x28 ./Drivers/STM32L5xx_HAL_Driver/Src/stm32l5xx_hal.o
                0x080017d4                HAL_IncTick
 .text.HAL_GetTick
                0x080017fc       0x18 ./Drivers/STM32L5xx_HAL_Driver/Src/stm32l5xx_hal.o
                0x080017fc                HAL_GetTick
 .text.__NVIC_SetPriorityGrouping
                0x08001814       0x48 ./Drivers/STM32L5xx_HAL_Driver/Src/stm32l5xx_hal_cortex.o
 .text.__NVIC_GetPriorityGrouping
                0x0800185c       0x1c ./Drivers/STM32L5xx_HAL_Driver/Src/stm32l5xx_hal_cortex.o
 .text.__NVIC_EnableIRQ
                0x08001878       0x3c ./Drivers/STM32L5xx_HAL_Driver/Src/stm32l5xx_hal_cortex.o
 .text.__NVIC_SetPriority
                0x080018b4       0x54 ./Drivers/STM32L5xx_HAL_Driver/Src/stm32l5xx_hal_cortex.o
 .text.NVIC_EncodePriority
                0x08001908       0x66 ./Drivers/STM32L5xx_HAL_Driver/Src/stm32l5xx_hal_cortex.o
 *fill*         0x0800196e        0x2 
 .text.SysTick_Config
                0x08001970       0x44 ./Drivers/STM32L5xx_HAL_Driver/Src/stm32l5xx_hal_cortex.o
 .text.HAL_NVIC_SetPriorityGrouping
                0x080019b4       0x16 ./Drivers/STM32L5xx_HAL_Driver/Src/stm32l5xx_hal_cortex.o
                0x080019b4                HAL_NVIC_SetPriorityGrouping
 .text.HAL_NVIC_SetPriority
                0x080019ca       0x34 ./Drivers/STM32L5xx_HAL_Driver/Src/stm32l5xx_hal_cortex.o
                0x080019ca                HAL_NVIC_SetPriority
 .text.HAL_NVIC_EnableIRQ
                0x080019fe       0x1c ./Drivers/STM32L5xx_HAL_Driver/Src/stm32l5xx_hal_cortex.o
                0x080019fe                HAL_NVIC_EnableIRQ
 .text.HAL_SYSTICK_Config
                0x08001a1a       0x18 ./Drivers/STM32L5xx_HAL_Driver/Src/stm32l5xx_hal_cortex.o
                0x08001a1a                HAL_SYSTICK_Config
 *fill*         0x08001a32        0x2 
 .text.HAL_DFSDM_ChannelInit
                0x08001a34      0x180 ./Drivers/STM32L5xx_HAL_Driver/Src/stm32l5xx_hal_dfsdm.o
                0x08001a34                HAL_DFSDM_ChannelInit
 .text.HAL_DFSDM_FilterInit
                0x08001bb4      0x1b4 ./Drivers/STM32L5xx_HAL_Driver/Src/stm32l5xx_hal_dfsdm.o
                0x08001bb4                HAL_DFSDM_FilterInit
 .text.HAL_DFSDM_FilterConfigRegChannel
                0x08001d68       0x8a ./Drivers/STM32L5xx_HAL_Driver/Src/stm32l5xx_hal_dfsdm.o
                0x08001d68                HAL_DFSDM_FilterConfigRegChannel
 *fill*         0x08001df2        0x2 
 .text.HAL_DFSDM_FilterRegularStart_DMA
                0x08001df4      0x104 ./Drivers/STM32L5xx_HAL_Driver/Src/stm32l5xx_hal_dfsdm.o
                0x08001df4                HAL_DFSDM_FilterRegularStart_DMA
 .text.HAL_DFSDM_FilterRegularStop_DMA
                0x08001ef8       0x40 ./Drivers/STM32L5xx_HAL_Driver/Src/stm32l5xx_hal_dfsdm.o
                0x08001ef8                HAL_DFSDM_FilterRegularStop_DMA
 .text.HAL_DFSDM_FilterErrorCallback
                0x08001f38       0x14 ./Drivers/STM32L5xx_HAL_Driver/Src/stm32l5xx_hal_dfsdm.o
                0x08001f38                HAL_DFSDM_FilterErrorCallback
 .text.DFSDM_DMARegularHalfConvCplt
                0x08001f4c       0x1c ./Drivers/STM32L5xx_HAL_Driver/Src/stm32l5xx_hal_dfsdm.o
 .text.DFSDM_DMARegularConvCplt
                0x08001f68       0x1c ./Drivers/STM32L5xx_HAL_Driver/Src/stm32l5xx_hal_dfsdm.o
 .text.DFSDM_DMAError
                0x08001f84       0x22 ./Drivers/STM32L5xx_HAL_Driver/Src/stm32l5xx_hal_dfsdm.o
 *fill*         0x08001fa6        0x2 
 .text.DFSDM_GetChannelFromInstance
                0x08001fa8       0x50 ./Drivers/STM32L5xx_HAL_Driver/Src/stm32l5xx_hal_dfsdm.o
 .text.DFSDM_RegConvStart
                0x08001ff8       0xac ./Drivers/STM32L5xx_HAL_Driver/Src/stm32l5xx_hal_dfsdm.o
 .text.DFSDM_RegConvStop
                0x080020a4       0x9a ./Drivers/STM32L5xx_HAL_Driver/Src/stm32l5xx_hal_dfsdm.o
 *fill*         0x0800213e        0x2 
 .text.HAL_DMA_Init
                0x08002140      0x150 ./Drivers/STM32L5xx_HAL_Driver/Src/stm32l5xx_hal_dma.o
                0x08002140                HAL_DMA_Init
 .text.HAL_DMA_Start_IT
                0x08002290       0xf6 ./Drivers/STM32L5xx_HAL_Driver/Src/stm32l5xx_hal_dma.o
                0x08002290                HAL_DMA_Start_IT
 .text.HAL_DMA_Abort
                0x08002386       0xb8 ./Drivers/STM32L5xx_HAL_Driver/Src/stm32l5xx_hal_dma.o
                0x08002386                HAL_DMA_Abort
 .text.HAL_DMA_IRQHandler
                0x0800243e      0x200 ./Drivers/STM32L5xx_HAL_Driver/Src/stm32l5xx_hal_dma.o
                0x0800243e                HAL_DMA_IRQHandler
 .text.HAL_DMA_ConfigChannelAttributes
                0x0800263e       0x60 ./Drivers/STM32L5xx_HAL_Driver/Src/stm32l5xx_hal_dma.o
                0x0800263e                HAL_DMA_ConfigChannelAttributes
 .text.DMA_SetConfig
                0x0800269e       0x7c ./Drivers/STM32L5xx_HAL_Driver/Src/stm32l5xx_hal_dma.o
 *fill*         0x0800271a        0x2 
 .text.DMA_CalcDMAMUXChannelBaseAndMask
                0x0800271c       0x7c ./Drivers/STM32L5xx_HAL_Driver/Src/stm32l5xx_hal_dma.o
 .text.DMA_CalcDMAMUXRequestGenBaseAndMask
                0x08002798       0x48 ./Drivers/STM32L5xx_HAL_Driver/Src/stm32l5xx_hal_dma.o
 .text.HAL_EXTI_RegisterCallback
                0x080027e0       0x58 ./Drivers/STM32L5xx_HAL_Driver/Src/stm32l5xx_hal_exti.o
                0x080027e0                HAL_EXTI_RegisterCallback
 .text.HAL_EXTI_GetHandle
                0x08002838       0x28 ./Drivers/STM32L5xx_HAL_Driver/Src/stm32l5xx_hal_exti.o
                0x08002838                HAL_EXTI_GetHandle
 .text.HAL_EXTI_IRQHandler
                0x08002860       0x90 ./Drivers/STM32L5xx_HAL_Driver/Src/stm32l5xx_hal_exti.o
                0x08002860                HAL_EXTI_IRQHandler
 .text.HAL_GPIO_Init
                0x080028f0      0x314 ./Drivers/STM32L5xx_HAL_Driver/Src/stm32l5xx_hal_gpio.o
                0x080028f0                HAL_GPIO_Init
 .text.HAL_GPIO_WritePin
                0x08002c04       0x30 ./Drivers/STM32L5xx_HAL_Driver/Src/stm32l5xx_hal_gpio.o
                0x08002c04                HAL_GPIO_WritePin
 .text.HAL_ICACHE_ConfigAssociativityMode
                0x08002c34       0x40 ./Drivers/STM32L5xx_HAL_Driver/Src/stm32l5xx_hal_icache.o
                0x08002c34                HAL_ICACHE_ConfigAssociativityMode
 .text.HAL_ICACHE_Enable
                0x08002c74       0x20 ./Drivers/STM32L5xx_HAL_Driver/Src/stm32l5xx_hal_icache.o
                0x08002c74                HAL_ICACHE_Enable
 .text.HAL_PWREx_GetVoltageRange
                0x08002c94       0x1c ./Drivers/STM32L5xx_HAL_Driver/Src/stm32l5xx_hal_pwr_ex.o
                0x08002c94                HAL_PWREx_GetVoltageRange
 .text.HAL_PWREx_ControlVoltageScaling
                0x08002cb0       0xb8 ./Drivers/STM32L5xx_HAL_Driver/Src/stm32l5xx_hal_pwr_ex.o
                0x08002cb0                HAL_PWREx_ControlVoltageScaling
 .text.HAL_PWREx_EnableVddIO2
                0x08002d68       0x20 ./Drivers/STM32L5xx_HAL_Driver/Src/stm32l5xx_hal_pwr_ex.o
                0x08002d68                HAL_PWREx_EnableVddIO2
 .text.HAL_PWREx_DisableUCPDDeadBattery
                0x08002d88       0x20 ./Drivers/STM32L5xx_HAL_Driver/Src/stm32l5xx_hal_pwr_ex.o
                0x08002d88                HAL_PWREx_DisableUCPDDeadBattery
 .text.HAL_PWREx_SMPS_GetEffectiveMode
                0x08002da8       0x48 ./Drivers/STM32L5xx_HAL_Driver/Src/stm32l5xx_hal_pwr_ex.o
                0x08002da8                HAL_PWREx_SMPS_GetEffectiveMode
 .text.HAL_RCC_OscConfig
                0x08002df0      0x9ac ./Drivers/STM32L5xx_HAL_Driver/Src/stm32l5xx_hal_rcc.o
                0x08002df0                HAL_RCC_OscConfig
 .text.HAL_RCC_ClockConfig
                0x0800379c      0x270 ./Drivers/STM32L5xx_HAL_Driver/Src/stm32l5xx_hal_rcc.o
                0x0800379c                HAL_RCC_ClockConfig
 .text.HAL_RCC_GetSysClockFreq
                0x08003a0c      0x13c ./Drivers/STM32L5xx_HAL_Driver/Src/stm32l5xx_hal_rcc.o
                0x08003a0c                HAL_RCC_GetSysClockFreq
 .text.HAL_RCC_GetHCLKFreq
                0x08003b48       0x28 ./Drivers/STM32L5xx_HAL_Driver/Src/stm32l5xx_hal_rcc.o
                0x08003b48                HAL_RCC_GetHCLKFreq
 .text.HAL_RCC_GetPCLK1Freq
                0x08003b70       0x28 ./Drivers/STM32L5xx_HAL_Driver/Src/stm32l5xx_hal_rcc.o
                0x08003b70                HAL_RCC_GetPCLK1Freq
 .text.HAL_RCC_GetPCLK2Freq
                0x08003b98       0x28 ./Drivers/STM32L5xx_HAL_Driver/Src/stm32l5xx_hal_rcc.o
                0x08003b98                HAL_RCC_GetPCLK2Freq
 .text.RCC_SetFlashLatencyFromMSIRange
                0x08003bc0       0xc8 ./Drivers/STM32L5xx_HAL_Driver/Src/stm32l5xx_hal_rcc.o
 .text.RCC_GetSysClockFreqFromPLLSource
                0x08003c88       0xdc ./Drivers/STM32L5xx_HAL_Driver/Src/stm32l5xx_hal_rcc.o
 .text.HAL_RCCEx_PeriphCLKConfig
                0x08003d64      0x708 ./Drivers/STM32L5xx_HAL_Driver/Src/stm32l5xx_hal_rcc_ex.o
                0x08003d64                HAL_RCCEx_PeriphCLKConfig
 .text.RCCEx_PLLSAI1_Config
                0x0800446c      0x1cc ./Drivers/STM32L5xx_HAL_Driver/Src/stm32l5xx_hal_rcc_ex.o
 .text.RCCEx_PLLSAI2_Config
                0x08004638      0x158 ./Drivers/STM32L5xx_HAL_Driver/Src/stm32l5xx_hal_rcc_ex.o
 .text.HAL_UART_Init
                0x08004790       0xa0 ./Drivers/STM32L5xx_HAL_Driver/Src/stm32l5xx_hal_uart.o
                0x08004790                HAL_UART_Init
 .text.HAL_UART_MspInit
                0x08004830       0x14 ./Drivers/STM32L5xx_HAL_Driver/Src/stm32l5xx_hal_uart.o
                0x08004830                HAL_UART_MspInit
 .text.HAL_UART_Transmit
                0x08004844      0x132 ./Drivers/STM32L5xx_HAL_Driver/Src/stm32l5xx_hal_uart.o
                0x08004844                HAL_UART_Transmit
 *fill*         0x08004976        0x2 
 .text.UART_SetConfig
                0x08004978      0x600 ./Drivers/STM32L5xx_HAL_Driver/Src/stm32l5xx_hal_uart.o
                0x08004978                UART_SetConfig
 .text.UART_AdvFeatureConfig
                0x08004f78      0x144 ./Drivers/STM32L5xx_HAL_Driver/Src/stm32l5xx_hal_uart.o
                0x08004f78                UART_AdvFeatureConfig
 .text.UART_CheckIdleState
                0x080050bc      0x154 ./Drivers/STM32L5xx_HAL_Driver/Src/stm32l5xx_hal_uart.o
                0x080050bc                UART_CheckIdleState
 .text.UART_WaitOnFlagUntilTimeout
                0x08005210       0xda ./Drivers/STM32L5xx_HAL_Driver/Src/stm32l5xx_hal_uart.o
                0x08005210                UART_WaitOnFlagUntilTimeout
 .text.UART_EndRxTransfer
                0x080052ea       0xcc ./Drivers/STM32L5xx_HAL_Driver/Src/stm32l5xx_hal_uart.o
 *fill*         0x080053b6        0x2 
 .text.std      0x080053b8       0x6c C:/ST/STM32CubeIDE_2.2.0/STM32CubeIDE/plugins/com.st.stm32cube.ide.mcu.externaltools.gnu-tools-for-stm32.14.3.rel1.win32_1.0.100.202602081740/tools/bin/../lib/gcc/arm-none-eabi/14.3.1/../../../../arm-none-eabi/lib/thumb/v8-m.main+fp/hard\libc_nano.a(libc_a-findfp.o)
 .text.stdio_exit_handler
                0x08005424       0x18 C:/ST/STM32CubeIDE_2.2.0/STM32CubeIDE/plugins/com.st.stm32cube.ide.mcu.externaltools.gnu-tools-for-stm32.14.3.rel1.win32_1.0.100.202602081740/tools/bin/../lib/gcc/arm-none-eabi/14.3.1/../../../../arm-none-eabi/lib/thumb/v8-m.main+fp/hard\libc_nano.a(libc_a-findfp.o)
 .text.cleanup_stdio
                0x0800543c       0x40 C:/ST/STM32CubeIDE_2.2.0/STM32CubeIDE/plugins/com.st.stm32cube.ide.mcu.externaltools.gnu-tools-for-stm32.14.3.rel1.win32_1.0.100.202602081740/tools/bin/../lib/gcc/arm-none-eabi/14.3.1/../../../../arm-none-eabi/lib/thumb/v8-m.main+fp/hard\libc_nano.a(libc_a-findfp.o)
 .text.global_stdio_init.part.0
                0x0800547c       0x40 C:/ST/STM32CubeIDE_2.2.0/STM32CubeIDE/plugins/com.st.stm32cube.ide.mcu.externaltools.gnu-tools-for-stm32.14.3.rel1.win32_1.0.100.202602081740/tools/bin/../lib/gcc/arm-none-eabi/14.3.1/../../../../arm-none-eabi/lib/thumb/v8-m.main+fp/hard\libc_nano.a(libc_a-findfp.o)
 .text.__sfp_lock_acquire
                0x080054bc        0xc C:/ST/STM32CubeIDE_2.2.0/STM32CubeIDE/plugins/com.st.stm32cube.ide.mcu.externaltools.gnu-tools-for-stm32.14.3.rel1.win32_1.0.100.202602081740/tools/bin/../lib/gcc/arm-none-eabi/14.3.1/../../../../arm-none-eabi/lib/thumb/v8-m.main+fp/hard\libc_nano.a(libc_a-findfp.o)
                0x080054bc                __sfp_lock_acquire
 .text.__sfp_lock_release
                0x080054c8        0xc C:/ST/STM32CubeIDE_2.2.0/STM32CubeIDE/plugins/com.st.stm32cube.ide.mcu.externaltools.gnu-tools-for-stm32.14.3.rel1.win32_1.0.100.202602081740/tools/bin/../lib/gcc/arm-none-eabi/14.3.1/../../../../arm-none-eabi/lib/thumb/v8-m.main+fp/hard\libc_nano.a(libc_a-findfp.o)
                0x080054c8                __sfp_lock_release
 .text.__sinit  0x080054d4       0x30 C:/ST/STM32CubeIDE_2.2.0/STM32CubeIDE/plugins/com.st.stm32cube.ide.mcu.externaltools.gnu-tools-for-stm32.14.3.rel1.win32_1.0.100.202602081740/tools/bin/../lib/gcc/arm-none-eabi/14.3.1/../../../../arm-none-eabi/lib/thumb/v8-m.main+fp/hard\libc_nano.a(libc_a-findfp.o)
                0x080054d4                __sinit
 .text._fwalk_sglue
                0x08005504       0x3c C:/ST/STM32CubeIDE_2.2.0/STM32CubeIDE/plugins/com.st.stm32cube.ide.mcu.externaltools.gnu-tools-for-stm32.14.3.rel1.win32_1.0.100.202602081740/tools/bin/../lib/gcc/arm-none-eabi/14.3.1/../../../../arm-none-eabi/lib/thumb/v8-m.main+fp/hard\libc_nano.a(libc_a-fwalk.o)
                0x08005504                _fwalk_sglue
 .text.printf   0x08005540       0x24 C:/ST/STM32CubeIDE_2.2.0/STM32CubeIDE/plugins/com.st.stm32cube.ide.mcu.externaltools.gnu-tools-for-stm32.14.3.rel1.win32_1.0.100.202602081740/tools/bin/../lib/gcc/arm-none-eabi/14.3.1/../../../../arm-none-eabi/lib/thumb/v8-m.main+fp/hard\libc_nano.a(libc_a-printf.o)
                0x08005540                iprintf
                0x08005540                printf
 .text.__sread  0x08005564       0x22 C:/ST/STM32CubeIDE_2.2.0/STM32CubeIDE/plugins/com.st.stm32cube.ide.mcu.externaltools.gnu-tools-for-stm32.14.3.rel1.win32_1.0.100.202602081740/tools/bin/../lib/gcc/arm-none-eabi/14.3.1/../../../../arm-none-eabi/lib/thumb/v8-m.main+fp/hard\libc_nano.a(libc_a-stdio.o)
                0x08005564                __sread
 .text.__swrite
                0x08005586       0x38 C:/ST/STM32CubeIDE_2.2.0/STM32CubeIDE/plugins/com.st.stm32cube.ide.mcu.externaltools.gnu-tools-for-stm32.14.3.rel1.win32_1.0.100.202602081740/tools/bin/../lib/gcc/arm-none-eabi/14.3.1/../../../../arm-none-eabi/lib/thumb/v8-m.main+fp/hard\libc_nano.a(libc_a-stdio.o)
                0x08005586                __swrite
 .text.__sseek  0x080055be       0x26 C:/ST/STM32CubeIDE_2.2.0/STM32CubeIDE/plugins/com.st.stm32cube.ide.mcu.externaltools.gnu-tools-for-stm32.14.3.rel1.win32_1.0.100.202602081740/tools/bin/../lib/gcc/arm-none-eabi/14.3.1/../../../../arm-none-eabi/lib/thumb/v8-m.main+fp/hard\libc_nano.a(libc_a-stdio.o)
                0x080055be                __sseek
 .text.__sclose
                0x080055e4        0x8 C:/ST/STM32CubeIDE_2.2.0/STM32CubeIDE/plugins/com.st.stm32cube.ide.mcu.externaltools.gnu-tools-for-stm32.14.3.rel1.win32_1.0.100.202602081740/tools/bin/../lib/gcc/arm-none-eabi/14.3.1/../../../../arm-none-eabi/lib/thumb/v8-m.main+fp/hard\libc_nano.a(libc_a-stdio.o)
                0x080055e4                __sclose
 .text.memset   0x080055ec       0x10 C:/ST/STM32CubeIDE_2.2.0/STM32CubeIDE/plugins/com.st.stm32cube.ide.mcu.externaltools.gnu-tools-for-stm32.14.3.rel1.win32_1.0.100.202602081740/tools/bin/../lib/gcc/arm-none-eabi/14.3.1/../../../../arm-none-eabi/lib/thumb/v8-m.main+fp/hard\libc_nano.a(libc_a-memset.o)
                0x080055ec                memset
 .text._close_r
                0x080055fc       0x20 C:/ST/STM32CubeIDE_2.2.0/STM32CubeIDE/plugins/com.st.stm32cube.ide.mcu.externaltools.gnu-tools-for-stm32.14.3.rel1.win32_1.0.100.202602081740/tools/bin/../lib/gcc/arm-none-eabi/14.3.1/../../../../arm-none-eabi/lib/thumb/v8-m.main+fp/hard\libc_nano.a(libc_a-closer.o)
                0x080055fc                _close_r
 .text._lseek_r
                0x0800561c       0x24 C:/ST/STM32CubeIDE_2.2.0/STM32CubeIDE/plugins/com.st.stm32cube.ide.mcu.externaltools.gnu-tools-for-stm32.14.3.rel1.win32_1.0.100.202602081740/tools/bin/../lib/gcc/arm-none-eabi/14.3.1/../../../../arm-none-eabi/lib/thumb/v8-m.main+fp/hard\libc_nano.a(libc_a-lseekr.o)
                0x0800561c                _lseek_r
 .text._read_r  0x08005640       0x24 C:/ST/STM32CubeIDE_2.2.0/STM32CubeIDE/plugins/com.st.stm32cube.ide.mcu.externaltools.gnu-tools-for-stm32.14.3.rel1.win32_1.0.100.202602081740/tools/bin/../lib/gcc/arm-none-eabi/14.3.1/../../../../arm-none-eabi/lib/thumb/v8-m.main+fp/hard\libc_nano.a(libc_a-readr.o)
                0x08005640                _read_r
 .text._write_r
                0x08005664       0x24 C:/ST/STM32CubeIDE_2.2.0/STM32CubeIDE/plugins/com.st.stm32cube.ide.mcu.externaltools.gnu-tools-for-stm32.14.3.rel1.win32_1.0.100.202602081740/tools/bin/../lib/gcc/arm-none-eabi/14.3.1/../../../../arm-none-eabi/lib/thumb/v8-m.main+fp/hard\libc_nano.a(libc_a-writer.o)
                0x08005664                _write_r
 .text.__errno  0x08005688        0xc C:/ST/STM32CubeIDE_2.2.0/STM32CubeIDE/plugins/com.st.stm32cube.ide.mcu.externaltools.gnu-tools-for-stm32.14.3.rel1.win32_1.0.100.202602081740/tools/bin/../lib/gcc/arm-none-eabi/14.3.1/../../../../arm-none-eabi/lib/thumb/v8-m.main+fp/hard\libc_nano.a(libc_a-errno.o)
                0x08005688                __errno
 .text.__libc_init_array
                0x08005694       0x48 C:/ST/STM32CubeIDE_2.2.0/STM32CubeIDE/plugins/com.st.stm32cube.ide.mcu.externaltools.gnu-tools-for-stm32.14.3.rel1.win32_1.0.100.202602081740/tools/bin/../lib/gcc/arm-none-eabi/14.3.1/../../../../arm-none-eabi/lib/thumb/v8-m.main+fp/hard\libc_nano.a(libc_a-init.o)
                0x08005694                __libc_init_array
 .text.__retarget_lock_init_recursive
                0x080056dc        0x2 C:/ST/STM32CubeIDE_2.2.0/STM32CubeIDE/plugins/com.st.stm32cube.ide.mcu.externaltools.gnu-tools-for-stm32.14.3.rel1.win32_1.0.100.202602081740/tools/bin/../lib/gcc/arm-none-eabi/14.3.1/../../../../arm-none-eabi/lib/thumb/v8-m.main+fp/hard\libc_nano.a(libc_a-lock.o)
                0x080056dc                __retarget_lock_init_recursive
 .text.__retarget_lock_acquire_recursive
                0x080056de        0x2 C:/ST/STM32CubeIDE_2.2.0/STM32CubeIDE/plugins/com.st.stm32cube.ide.mcu.externaltools.gnu-tools-for-stm32.14.3.rel1.win32_1.0.100.202602081740/tools/bin/../lib/gcc/arm-none-eabi/14.3.1/../../../../arm-none-eabi/lib/thumb/v8-m.main+fp/hard\libc_nano.a(libc_a-lock.o)
                0x080056de                __retarget_lock_acquire_recursive
 .text.__retarget_lock_release_recursive
                0x080056e0        0x2 C:/ST/STM32CubeIDE_2.2.0/STM32CubeIDE/plugins/com.st.stm32cube.ide.mcu.externaltools.gnu-tools-for-stm32.14.3.rel1.win32_1.0.100.202602081740/tools/bin/../lib/gcc/arm-none-eabi/14.3.1/../../../../arm-none-eabi/lib/thumb/v8-m.main+fp/hard\libc_nano.a(libc_a-lock.o)
                0x080056e0                __retarget_lock_release_recursive
 *fill*         0x080056e2        0x2 
 .text._free_r  0x080056e4       0x94 C:/ST/STM32CubeIDE_2.2.0/STM32CubeIDE/plugins/com.st.stm32cube.ide.mcu.externaltools.gnu-tools-for-stm32.14.3.rel1.win32_1.0.100.202602081740/tools/bin/../lib/gcc/arm-none-eabi/14.3.1/../../../../arm-none-eabi/lib/thumb/v8-m.main+fp/hard\libc_nano.a(libc_a-freer.o)
                0x080056e4                _free_r
 .text.sbrk_aligned
                0x08005778       0x44 C:/ST/STM32CubeIDE_2.2.0/STM32CubeIDE/plugins/com.st.stm32cube.ide.mcu.externaltools.gnu-tools-for-stm32.14.3.rel1.win32_1.0.100.202602081740/tools/bin/../lib/gcc/arm-none-eabi/14.3.1/../../../../arm-none-eabi/lib/thumb/v8-m.main+fp/hard\libc_nano.a(libc_a-mallocr.o)
 .text._malloc_r
                0x080057bc      0x100 C:/ST/STM32CubeIDE_2.2.0/STM32CubeIDE/plugins/com.st.stm32cube.ide.mcu.externaltools.gnu-tools-for-stm32.14.3.rel1.win32_1.0.100.202602081740/tools/bin/../lib/gcc/arm-none-eabi/14.3.1/../../../../arm-none-eabi/lib/thumb/v8-m.main+fp/hard\libc_nano.a(libc_a-mallocr.o)
                0x080057bc                _malloc_r
 .text.__malloc_lock
                0x080058bc        0xc C:/ST/STM32CubeIDE_2.2.0/STM32CubeIDE/plugins/com.st.stm32cube.ide.mcu.externaltools.gnu-tools-for-stm32.14.3.rel1.win32_1.0.100.202602081740/tools/bin/../lib/gcc/arm-none-eabi/14.3.1/../../../../arm-none-eabi/lib/thumb/v8-m.main+fp/hard\libc_nano.a(libc_a-mlock.o)
                0x080058bc                __malloc_lock
 .text.__malloc_unlock
                0x080058c8        0xc C:/ST/STM32CubeIDE_2.2.0/STM32CubeIDE/plugins/com.st.stm32cube.ide.mcu.externaltools.gnu-tools-for-stm32.14.3.rel1.win32_1.0.100.202602081740/tools/bin/../lib/gcc/arm-none-eabi/14.3.1/../../../../arm-none-eabi/lib/thumb/v8-m.main+fp/hard\libc_nano.a(libc_a-mlock.o)
                0x080058c8                __malloc_unlock
 .text.__sfputc_r
                0x080058d4       0x2e C:/ST/STM32CubeIDE_2.2.0/STM32CubeIDE/plugins/com.st.stm32cube.ide.mcu.externaltools.gnu-tools-for-stm32.14.3.rel1.win32_1.0.100.202602081740/tools/bin/../lib/gcc/arm-none-eabi/14.3.1/../../../../arm-none-eabi/lib/thumb/v8-m.main+fp/hard\libc_nano.a(libc_a-nano-vfprintf.o)
 .text.__sfputs_r
                0x08005902       0x24 C:/ST/STM32CubeIDE_2.2.0/STM32CubeIDE/plugins/com.st.stm32cube.ide.mcu.externaltools.gnu-tools-for-stm32.14.3.rel1.win32_1.0.100.202602081740/tools/bin/../lib/gcc/arm-none-eabi/14.3.1/../../../../arm-none-eabi/lib/thumb/v8-m.main+fp/hard\libc_nano.a(libc_a-nano-vfprintf.o)
                0x08005902                __sfputs_r
 *fill*         0x08005926        0x2 
 .text._vfprintf_r
                0x08005928      0x228 C:/ST/STM32CubeIDE_2.2.0/STM32CubeIDE/plugins/com.st.stm32cube.ide.mcu.externaltools.gnu-tools-for-stm32.14.3.rel1.win32_1.0.100.202602081740/tools/bin/../lib/gcc/arm-none-eabi/14.3.1/../../../../arm-none-eabi/lib/thumb/v8-m.main+fp/hard\libc_nano.a(libc_a-nano-vfprintf.o)
                0x08005928                _vfprintf_r
                0x08005928                _vfiprintf_r
 .text._printf_common
                0x08005b50       0xe4 C:/ST/STM32CubeIDE_2.2.0/STM32CubeIDE/plugins/com.st.stm32cube.ide.mcu.externaltools.gnu-tools-for-stm32.14.3.rel1.win32_1.0.100.202602081740/tools/bin/../lib/gcc/arm-none-eabi/14.3.1/../../../../arm-none-eabi/lib/thumb/v8-m.main+fp/hard\libc_nano.a(libc_a-nano-vfprintf_i.o)
                0x08005b50                _printf_common
 .text._printf_i
                0x08005c34      0x24c C:/ST/STM32CubeIDE_2.2.0/STM32CubeIDE/plugins/com.st.stm32cube.ide.mcu.externaltools.gnu-tools-for-stm32.14.3.rel1.win32_1.0.100.202602081740/tools/bin/../lib/gcc/arm-none-eabi/14.3.1/../../../../arm-none-eabi/lib/thumb/v8-m.main+fp/hard\libc_nano.a(libc_a-nano-vfprintf_i.o)
                0x08005c34                _printf_i
 .text.__sflush_r
                0x08005e80      0x100 C:/ST/STM32CubeIDE_2.2.0/STM32CubeIDE/plugins/com.st.stm32cube.ide.mcu.externaltools.gnu-tools-for-stm32.14.3.rel1.win32_1.0.100.202602081740/tools/bin/../lib/gcc/arm-none-eabi/14.3.1/../../../../arm-none-eabi/lib/thumb/v8-m.main+fp/hard\libc_nano.a(libc_a-fflush.o)
                0x08005e80                __sflush_r
 .text._fflush_r
                0x08005f80       0x50 C:/ST/STM32CubeIDE_2.2.0/STM32CubeIDE/plugins/com.st.stm32cube.ide.mcu.externaltools.gnu-tools-for-stm32.14.3.rel1.win32_1.0.100.202602081740/tools/bin/../lib/gcc/arm-none-eabi/14.3.1/../../../../arm-none-eabi/lib/thumb/v8-m.main+fp/hard\libc_nano.a(libc_a-fflush.o)
                0x08005f80                _fflush_r
 .text.__swbuf_r
                0x08005fd0       0x7c C:/ST/STM32CubeIDE_2.2.0/STM32CubeIDE/plugins/com.st.stm32cube.ide.mcu.externaltools.gnu-tools-for-stm32.14.3.rel1.win32_1.0.100.202602081740/tools/bin/../lib/gcc/arm-none-eabi/14.3.1/../../../../arm-none-eabi/lib/thumb/v8-m.main+fp/hard\libc_nano.a(libc_a-wbuf.o)
                0x08005fd0                __swbuf_r
 .text.__swsetup_r
                0x0800604c       0xa8 C:/ST/STM32CubeIDE_2.2.0/STM32CubeIDE/plugins/com.st.stm32cube.ide.mcu.externaltools.gnu-tools-for-stm32.14.3.rel1.win32_1.0.100.202602081740/tools/bin/../lib/gcc/arm-none-eabi/14.3.1/../../../../arm-none-eabi/lib/thumb/v8-m.main+fp/hard\libc_nano.a(libc_a-wsetup.o)
                0x0800604c                __swsetup_r
 .text._sbrk_r  0x080060f4       0x20 C:/ST/STM32CubeIDE_2.2.0/STM32CubeIDE/plugins/com.st.stm32cube.ide.mcu.externaltools.gnu-tools-for-stm32.14.3.rel1.win32_1.0.100.202602081740/tools/bin/../lib/gcc/arm-none-eabi/14.3.1/../../../../arm-none-eabi/lib/thumb/v8-m.main+fp/hard\libc_nano.a(libc_a-sbrkr.o)
                0x080060f4                _sbrk_r
 .text.memchr   0x08006114       0x1c C:/ST/STM32CubeIDE_2.2.0/STM32CubeIDE/plugins/com.st.stm32cube.ide.mcu.externaltools.gnu-tools-for-stm32.14.3.rel1.win32_1.0.100.202602081740/tools/bin/../lib/gcc/arm-none-eabi/14.3.1/../../../../arm-none-eabi/lib/thumb/v8-m.main+fp/hard\libc_nano.a(libc_a-memchr-stub.o)
                0x08006114                memchr
 .text.__swhatbuf_r
                0x08006130       0x48 C:/ST/STM32CubeIDE_2.2.0/STM32CubeIDE/plugins/com.st.stm32cube.ide.mcu.externaltools.gnu-tools-for-stm32.14.3.rel1.win32_1.0.100.202602081740/tools/bin/../lib/gcc/arm-none-eabi/14.3.1/../../../../arm-none-eabi/lib/thumb/v8-m.main+fp/hard\libc_nano.a(libc_a-makebuf.o)
                0x08006130                __swhatbuf_r
 .text.__smakebuf_r
                0x08006178       0x72 C:/ST/STM32CubeIDE_2.2.0/STM32CubeIDE/plugins/com.st.stm32cube.ide.mcu.externaltools.gnu-tools-for-stm32.14.3.rel1.win32_1.0.100.202602081740/tools/bin/../lib/gcc/arm-none-eabi/14.3.1/../../../../arm-none-eabi/lib/thumb/v8-m.main+fp/hard\libc_nano.a(libc_a-makebuf.o)
                0x08006178                __smakebuf_r
 *fill*         0x080061ea        0x2 
 .text._fstat_r
                0x080061ec       0x24 C:/ST/STM32CubeIDE_2.2.0/STM32CubeIDE/plugins/com.st.stm32cube.ide.mcu.externaltools.gnu-tools-for-stm32.14.3.rel1.win32_1.0.100.202602081740/tools/bin/../lib/gcc/arm-none-eabi/14.3.1/../../../../arm-none-eabi/lib/thumb/v8-m.main+fp/hard\libc_nano.a(libc_a-fstatr.o)
                0x080061ec                _fstat_r
 .text._isatty_r
                0x08006210       0x20 C:/ST/STM32CubeIDE_2.2.0/STM32CubeIDE/plugins/com.st.stm32cube.ide.mcu.externaltools.gnu-tools-for-stm32.14.3.rel1.win32_1.0.100.202602081740/tools/bin/../lib/gcc/arm-none-eabi/14.3.1/../../../../arm-none-eabi/lib/thumb/v8-m.main+fp/hard\libc_nano.a(libc_a-isattyr.o)
                0x08006210                _isatty_r
 *(.glue_7)
 .glue_7        0x08006230        0x0 linker stubs
 *(.glue_7t)
 .glue_7t       0x08006230        0x0 linker stubs
 *(.eh_frame)
 .eh_frame      0x08006230        0x0 C:/ST/STM32CubeIDE_2.2.0/STM32CubeIDE/plugins/com.st.stm32cube.ide.mcu.externaltools.gnu-tools-for-stm32.14.3.rel1.win32_1.0.100.202602081740/tools/bin/../lib/gcc/arm-none-eabi/14.3.1/thumb/v8-m.main+fp/hard/crtbegin.o
 *(.init)
 .init          0x08006230        0x4 C:/ST/STM32CubeIDE_2.2.0/STM32CubeIDE/plugins/com.st.stm32cube.ide.mcu.externaltools.gnu-tools-for-stm32.14.3.rel1.win32_1.0.100.202602081740/tools/bin/../lib/gcc/arm-none-eabi/14.3.1/thumb/v8-m.main+fp/hard/crti.o
                0x08006230                _init
 .init          0x08006234        0x8 C:/ST/STM32CubeIDE_2.2.0/STM32CubeIDE/plugins/com.st.stm32cube.ide.mcu.externaltools.gnu-tools-for-stm32.14.3.rel1.win32_1.0.100.202602081740/tools/bin/../lib/gcc/arm-none-eabi/14.3.1/thumb/v8-m.main+fp/hard/crtn.o
 *(.fini)
 .fini          0x0800623c        0x4 C:/ST/STM32CubeIDE_2.2.0/STM32CubeIDE/plugins/com.st.stm32cube.ide.mcu.externaltools.gnu-tools-for-stm32.14.3.rel1.win32_1.0.100.202602081740/tools/bin/../lib/gcc/arm-none-eabi/14.3.1/thumb/v8-m.main+fp/hard/crti.o
                0x0800623c                _fini
 .fini          0x08006240        0x8 C:/ST/STM32CubeIDE_2.2.0/STM32CubeIDE/plugins/com.st.stm32cube.ide.mcu.externaltools.gnu-tools-for-stm32.14.3.rel1.win32_1.0.100.202602081740/tools/bin/../lib/gcc/arm-none-eabi/14.3.1/thumb/v8-m.main+fp/hard/crtn.o
                0x08006248                        . = ALIGN (0x4)
                0x08006248                        _etext = .

.vfp11_veneer   0x08006248        0x0
 .vfp11_veneer  0x08006248        0x0 linker stubs

.v4_bx          0x08006248        0x0
 .v4_bx         0x08006248        0x0 linker stubs

.iplt           0x08006248        0x0
 .iplt          0x08006248        0x0 C:/ST/STM32CubeIDE_2.2.0/STM32CubeIDE/plugins/com.st.stm32cube.ide.mcu.externaltools.gnu-tools-for-stm32.14.3.rel1.win32_1.0.100.202602081740/tools/bin/../lib/gcc/arm-none-eabi/14.3.1/thumb/v8-m.main+fp/hard/crtbegin.o

.rodata         0x08006248       0xec
                0x08006248                        . = ALIGN (0x4)
 *(.rodata)
 .rodata        0x08006248       0x1b ./Core/Src/main.o
 *fill*         0x08006263        0x1 
 .rodata        0x08006264       0x2c ./Drivers/BSP/STM32L5xx_Nucleo/stm32l5xx_nucleo.o
 *(.rodata*)
 .rodata.AHBPrescTable
                0x08006290       0x10 ./Core/Src/system_stm32l5xx.o
                0x08006290                AHBPrescTable
 .rodata.APBPrescTable
                0x080062a0        0x8 ./Core/Src/system_stm32l5xx.o
                0x080062a0                APBPrescTable
 .rodata.MSIRangeTable
                0x080062a8       0x40 ./Core/Src/system_stm32l5xx.o
                0x080062a8                MSIRangeTable
 .rodata.UARTPrescTable
                0x080062e8       0x18 ./Drivers/STM32L5xx_HAL_Driver/Src/stm32l5xx_hal_uart.o
                0x080062e8                UARTPrescTable
 .rodata._vfprintf_r.str1.1
                0x08006300       0x33 C:/ST/STM32CubeIDE_2.2.0/STM32CubeIDE/plugins/com.st.stm32cube.ide.mcu.externaltools.gnu-tools-for-stm32.14.3.rel1.win32_1.0.100.202602081740/tools/bin/../lib/gcc/arm-none-eabi/14.3.1/../../../../arm-none-eabi/lib/thumb/v8-m.main+fp/hard\libc_nano.a(libc_a-nano-vfprintf.o)
                                 0x11 (size before relaxing)
 .rodata._printf_i.str1.1
                0x08006333       0x22 C:/ST/STM32CubeIDE_2.2.0/STM32CubeIDE/plugins/com.st.stm32cube.ide.mcu.externaltools.gnu-tools-for-stm32.14.3.rel1.win32_1.0.100.202602081740/tools/bin/../lib/gcc/arm-none-eabi/14.3.1/../../../../arm-none-eabi/lib/thumb/v8-m.main+fp/hard\libc_nano.a(libc_a-nano-vfprintf_i.o)
                0x08006358                        . = ALIGN (0x4)
 *fill*         0x08006333        0x1 

.ARM.extab      0x08006334        0x0
                0x08006334                        . = ALIGN (0x4)
 *(.ARM.extab* .gnu.linkonce.armextab.*)
                0x08006334                        . = ALIGN (0x4)

.ARM            0x08006334        0x8
                0x08006334                        . = ALIGN (0x4)
                0x08006334                        __exidx_start = .
 *(.ARM.exidx*)
 .ARM.exidx     0x08006334        0x8 C:/ST/STM32CubeIDE_2.2.0/STM32CubeIDE/plugins/com.st.stm32cube.ide.mcu.externaltools.gnu-tools-for-stm32.14.3.rel1.win32_1.0.100.202602081740/tools/bin/../lib/gcc/arm-none-eabi/14.3.1/thumb/v8-m.main+fp/hard\libgcc.a(_udivmoddi4.o)
                0x0800633c                        __exidx_end = .
                0x0800633c                        . = ALIGN (0x4)

.preinit_array  0x0800633c        0x0
                0x0800633c                        . = ALIGN (0x4)
                0x0800633c                        PROVIDE (__preinit_array_start = .)
 *(.preinit_array*)
                0x0800633c                        PROVIDE (__preinit_array_end = .)
                0x0800633c                        . = ALIGN (0x4)

.init_array     0x0800633c        0x4
                0x0800633c                        . = ALIGN (0x4)
                0x0800633c                        PROVIDE (__init_array_start = .)
 *(SORT_BY_NAME(.init_array.*))
 *(.init_array*)
 .init_array    0x0800633c        0x4 C:/ST/STM32CubeIDE_2.2.0/STM32CubeIDE/plugins/com.st.stm32cube.ide.mcu.externaltools.gnu-tools-for-stm32.14.3.rel1.win32_1.0.100.202602081740/tools/bin/../lib/gcc/arm-none-eabi/14.3.1/thumb/v8-m.main+fp/hard/crtbegin.o
                0x08006340                        PROVIDE (__init_array_end = .)
                0x08006340                        . = ALIGN (0x4)

.fini_array     0x08006340        0x4
                0x08006340                        . = ALIGN (0x4)
                [!provide]                        PROVIDE (__fini_array_start = .)
 *(SORT_BY_NAME(.fini_array.*))
 *(.fini_array*)
 .fini_array    0x08006340        0x4 C:/ST/STM32CubeIDE_2.2.0/STM32CubeIDE/plugins/com.st.stm32cube.ide.mcu.externaltools.gnu-tools-for-stm32.14.3.rel1.win32_1.0.100.202602081740/tools/bin/../lib/gcc/arm-none-eabi/14.3.1/thumb/v8-m.main+fp/hard/crtbegin.o
                [!provide]                        PROVIDE (__fini_array_end = .)
                0x08006344                        . = ALIGN (0x4)
                0x08006344                        _sidata = LOADADDR (.data)

.rel.dyn        0x08006344        0x0
 .rel.iplt      0x08006344        0x0 C:/ST/STM32CubeIDE_2.2.0/STM32CubeIDE/plugins/com.st.stm32cube.ide.mcu.externaltools.gnu-tools-for-stm32.14.3.rel1.win32_1.0.100.202602081740/tools/bin/../lib/gcc/arm-none-eabi/14.3.1/thumb/v8-m.main+fp/hard/crtbegin.o

.data           0x20000000       0x90 load address 0x08006344
                0x20000000                        . = ALIGN (0x4)
                0x20000000                        _sdata = .
 *(.data)
 *(.data*)
 .data.SystemCoreClock
                0x20000000        0x4 ./Core/Src/system_stm32l5xx.o
                0x20000000                SystemCoreClock
 .data.LED_PIN  0x20000004        0x6 ./Drivers/BSP/STM32L5xx_Nucleo/stm32l5xx_nucleo.o
 *fill*         0x2000000a        0x2 
 .data.LED_PORT
                0x2000000c        0xc ./Drivers/BSP/STM32L5xx_Nucleo/stm32l5xx_nucleo.o
 .data.BUTTON_PIN
                0x20000018        0x2 ./Drivers/BSP/STM32L5xx_Nucleo/stm32l5xx_nucleo.o
 *fill*         0x2000001a        0x2 
 .data.BUTTON_PORT
                0x2000001c        0x4 ./Drivers/BSP/STM32L5xx_Nucleo/stm32l5xx_nucleo.o
 .data.BUTTON_IRQn
                0x20000020        0x1 ./Drivers/BSP/STM32L5xx_Nucleo/stm32l5xx_nucleo.o
 *fill*         0x20000021        0x3 
 .data.COM_UART
                0x20000024        0x8 ./Drivers/BSP/STM32L5xx_Nucleo/stm32l5xx_nucleo.o
 .data.uwTickPrio
                0x2000002c        0x4 ./Drivers/STM32L5xx_HAL_Driver/Src/stm32l5xx_hal.o
                0x2000002c                uwTickPrio
 .data.uwTickFreq
                0x20000030        0x1 ./Drivers/STM32L5xx_HAL_Driver/Src/stm32l5xx_hal.o
                0x20000030                uwTickFreq
 *fill*         0x20000031        0x3 
 .data.__sglue  0x20000034        0xc C:/ST/STM32CubeIDE_2.2.0/STM32CubeIDE/plugins/com.st.stm32cube.ide.mcu.externaltools.gnu-tools-for-stm32.14.3.rel1.win32_1.0.100.202602081740/tools/bin/../lib/gcc/arm-none-eabi/14.3.1/../../../../arm-none-eabi/lib/thumb/v8-m.main+fp/hard\libc_nano.a(libc_a-findfp.o)
                0x20000034                __sglue
 .data._impure_ptr
                0x20000040        0x4 C:/ST/STM32CubeIDE_2.2.0/STM32CubeIDE/plugins/com.st.stm32cube.ide.mcu.externaltools.gnu-tools-for-stm32.14.3.rel1.win32_1.0.100.202602081740/tools/bin/../lib/gcc/arm-none-eabi/14.3.1/../../../../arm-none-eabi/lib/thumb/v8-m.main+fp/hard\libc_nano.a(libc_a-impure.o)
                0x20000040                _impure_ptr
 .data._impure_data
                0x20000044       0x4c C:/ST/STM32CubeIDE_2.2.0/STM32CubeIDE/plugins/com.st.stm32cube.ide.mcu.externaltools.gnu-tools-for-stm32.14.3.rel1.win32_1.0.100.202602081740/tools/bin/../lib/gcc/arm-none-eabi/14.3.1/../../../../arm-none-eabi/lib/thumb/v8-m.main+fp/hard\libc_nano.a(libc_a-impure.o)
                0x20000044                _impure_data
 *(.RamFunc)
 *(.RamFunc*)
                0x20000090                        . = ALIGN (0x4)
                0x20000090                        _edata = .

.igot.plt       0x20000090        0x0 load address 0x080063d4
 .igot.plt      0x20000090        0x0 C:/ST/STM32CubeIDE_2.2.0/STM32CubeIDE/plugins/com.st.stm32cube.ide.mcu.externaltools.gnu-tools-for-stm32.14.3.rel1.win32_1.0.100.202602081740/tools/bin/../lib/gcc/arm-none-eabi/14.3.1/thumb/v8-m.main+fp/hard/crtbegin.o
                0x20000090                        . = ALIGN (0x4)

.bss            0x20000090    0x217d4 load address 0x080063d4
                0x20000090                        _sbss = .
                0x20000090                        __bss_start__ = _sbss
 *(.bss)
 .bss           0x20000090       0x1c C:/ST/STM32CubeIDE_2.2.0/STM32CubeIDE/plugins/com.st.stm32cube.ide.mcu.externaltools.gnu-tools-for-stm32.14.3.rel1.win32_1.0.100.202602081740/tools/bin/../lib/gcc/arm-none-eabi/14.3.1/thumb/v8-m.main+fp/hard/crtbegin.o
 *(.bss*)
 .bss.BspCOMInit
                0x200000ac       0x10 ./Core/Src/main.o
                0x200000ac                BspCOMInit
 .bss.BspButtonState
                0x200000bc        0x4 ./Core/Src/main.o
                0x200000bc                BspButtonState
 .bss.hdfsdm1_filter0
                0x200000c0       0x54 ./Core/Src/main.o
                0x200000c0                hdfsdm1_filter0
 .bss.hdfsdm1_channel2
                0x20000114       0x38 ./Core/Src/main.o
                0x20000114                hdfsdm1_channel2
 .bss.hdma_dfsdm1_flt0
                0x2000014c       0x68 ./Core/Src/main.o
                0x2000014c                hdma_dfsdm1_flt0
 .bss.dma_buf   0x200001b4     0x2000 ./Core/Src/main.o
                0x200001b4                dma_buf
 .bss.recording
                0x200021b4    0x1f400 ./Core/Src/main.o
                0x200021b4                recording
 .bss.rec_index
                0x200215b4        0x4 ./Core/Src/main.o
                0x200215b4                rec_index
 .bss.recording_active
                0x200215b8        0x1 ./Core/Src/main.o
                0x200215b8                recording_active
 .bss.half_flag
                0x200215b9        0x1 ./Core/Src/main.o
                0x200215b9                half_flag
 .bss.full_flag
                0x200215ba        0x1 ./Core/Src/main.o
                0x200215ba                full_flag
 *fill*         0x200215bb        0x1 
 .bss.HAL_RCC_DFSDM1_CLK_ENABLED
                0x200215bc        0x4 ./Core/Src/stm32l5xx_hal_msp.o
 .bss.DFSDM1_Init
                0x200215c0        0x4 ./Core/Src/stm32l5xx_hal_msp.o
 .bss.__sbrk_heap_end
                0x200215c4        0x4 ./Core/Src/sysmem.o
 .bss.hcom_uart
                0x200215c8      0x128 ./Drivers/BSP/STM32L5xx_Nucleo/stm32l5xx_nucleo.o
                0x200215c8                hcom_uart
 .bss.hpb_exti  0x200216f0        0xc ./Drivers/BSP/STM32L5xx_Nucleo/stm32l5xx_nucleo.o
 .bss.COM_ActiveLogPort
                0x200216fc        0x1 ./Drivers/BSP/STM32L5xx_Nucleo/stm32l5xx_nucleo.o
 *fill*         0x200216fd        0x3 
 .bss.uwTick    0x20021700        0x4 ./Drivers/STM32L5xx_HAL_Driver/Src/stm32l5xx_hal.o
                0x20021700                uwTick
 .bss.v_dfsdm1ChannelCounter
                0x20021704        0x4 ./Drivers/STM32L5xx_HAL_Driver/Src/stm32l5xx_hal_dfsdm.o
 .bss.a_dfsdm1ChannelHandle
                0x20021708       0x10 ./Drivers/STM32L5xx_HAL_Driver/Src/stm32l5xx_hal_dfsdm.o
 .bss.__sf      0x20021718      0x138 C:/ST/STM32CubeIDE_2.2.0/STM32CubeIDE/plugins/com.st.stm32cube.ide.mcu.externaltools.gnu-tools-for-stm32.14.3.rel1.win32_1.0.100.202602081740/tools/bin/../lib/gcc/arm-none-eabi/14.3.1/../../../../arm-none-eabi/lib/thumb/v8-m.main+fp/hard\libc_nano.a(libc_a-findfp.o)
                0x20021718                __sf
 .bss.__stdio_exit_handler
                0x20021850        0x4 C:/ST/STM32CubeIDE_2.2.0/STM32CubeIDE/plugins/com.st.stm32cube.ide.mcu.externaltools.gnu-tools-for-stm32.14.3.rel1.win32_1.0.100.202602081740/tools/bin/../lib/gcc/arm-none-eabi/14.3.1/../../../../arm-none-eabi/lib/thumb/v8-m.main+fp/hard\libc_nano.a(libc_a-findfp.o)
                0x20021850                __stdio_exit_handler
 .bss.errno     0x20021854        0x4 C:/ST/STM32CubeIDE_2.2.0/STM32CubeIDE/plugins/com.st.stm32cube.ide.mcu.externaltools.gnu-tools-for-stm32.14.3.rel1.win32_1.0.100.202602081740/tools/bin/../lib/gcc/arm-none-eabi/14.3.1/../../../../arm-none-eabi/lib/thumb/v8-m.main+fp/hard\libc_nano.a(libc_a-reent.o)
                0x20021854                errno
 .bss.__lock___malloc_recursive_mutex
                0x20021858        0x1 C:/ST/STM32CubeIDE_2.2.0/STM32CubeIDE/plugins/com.st.stm32cube.ide.mcu.externaltools.gnu-tools-for-stm32.14.3.rel1.win32_1.0.100.202602081740/tools/bin/../lib/gcc/arm-none-eabi/14.3.1/../../../../arm-none-eabi/lib/thumb/v8-m.main+fp/hard\libc_nano.a(libc_a-lock.o)
                0x20021858                __lock___malloc_recursive_mutex
 .bss.__lock___sfp_recursive_mutex
                0x20021859        0x1 C:/ST/STM32CubeIDE_2.2.0/STM32CubeIDE/plugins/com.st.stm32cube.ide.mcu.externaltools.gnu-tools-for-stm32.14.3.rel1.win32_1.0.100.202602081740/tools/bin/../lib/gcc/arm-none-eabi/14.3.1/../../../../arm-none-eabi/lib/thumb/v8-m.main+fp/hard\libc_nano.a(libc_a-lock.o)
                0x20021859                __lock___sfp_recursive_mutex
 *fill*         0x2002185a        0x2 
 .bss.__malloc_sbrk_start
                0x2002185c        0x4 C:/ST/STM32CubeIDE_2.2.0/STM32CubeIDE/plugins/com.st.stm32cube.ide.mcu.externaltools.gnu-tools-for-stm32.14.3.rel1.win32_1.0.100.202602081740/tools/bin/../lib/gcc/arm-none-eabi/14.3.1/../../../../arm-none-eabi/lib/thumb/v8-m.main+fp/hard\libc_nano.a(libc_a-mallocr.o)
                0x2002185c                __malloc_sbrk_start
 .bss.__malloc_free_list
                0x20021860        0x4 C:/ST/STM32CubeIDE_2.2.0/STM32CubeIDE/plugins/com.st.stm32cube.ide.mcu.externaltools.gnu-tools-for-stm32.14.3.rel1.win32_1.0.100.202602081740/tools/bin/../lib/gcc/arm-none-eabi/14.3.1/../../../../arm-none-eabi/lib/thumb/v8-m.main+fp/hard\libc_nano.a(libc_a-mallocr.o)
                0x20021860                __malloc_free_list
 *(COMMON)
                0x20021864                        . = ALIGN (0x4)
                0x20021864                        _ebss = .
                0x20021864                        __bss_end__ = _ebss

._user_heap_stack
                0x20021864      0x604 load address 0x080063d4
                0x20021868                        . = ALIGN (0x8)
 *fill*         0x20021864        0x4 
                [!provide]                        PROVIDE (end = .)
                0x20021868                        PROVIDE (_end = .)
                0x20021a68                        . = (. + _Min_Heap_Size)
 *fill*         0x20021868      0x200 
                0x20021e68                        . = (. + _Min_Stack_Size)
 *fill*         0x20021a68      0x400 
                0x20021e68                        . = ALIGN (0x8)

/DISCARD/
 libc.a(*)
 libm.a(*)
 libgcc.a(*)

.ARM.attributes
                0x00000000       0x36
 *(.ARM.attributes)
 .ARM.attributes
                0x00000000       0x26 C:/ST/STM32CubeIDE_2.2.0/STM32CubeIDE/plugins/com.st.stm32cube.ide.mcu.externaltools.gnu-tools-for-stm32.14.3.rel1.win32_1.0.100.202602081740/tools/bin/../lib/gcc/arm-none-eabi/14.3.1/thumb/v8-m.main+fp/hard/crti.o
 .ARM.attributes
                0x00000026       0x38 C:/ST/STM32CubeIDE_2.2.0/STM32CubeIDE/plugins/com.st.stm32cube.ide.mcu.externaltools.gnu-tools-for-stm32.14.3.rel1.win32_1.0.100.202602081740/tools/bin/../lib/gcc/arm-none-eabi/14.3.1/thumb/v8-m.main+fp/hard/crtbegin.o
 .ARM.attributes
                0x0000005e       0x3a ./Core/Src/main.o
 .ARM.attributes
                0x00000098       0x3a ./Core/Src/stm32l5xx_hal_msp.o
 .ARM.attributes
                0x000000d2       0x3a ./Core/Src/stm32l5xx_it.o
 .ARM.attributes
                0x0000010c       0x3a ./Core/Src/syscalls.o
 .ARM.attributes
                0x00000146       0x3a ./Core/Src/sysmem.o
 .ARM.attributes
                0x00000180       0x3a ./Core/Src/system_stm32l5xx.o
 .ARM.attributes
                0x000001ba       0x24 ./Core/Startup/startup_stm32l552zetxq.o
 .ARM.attributes
                0x000001de       0x3a ./Drivers/BSP/STM32L5xx_Nucleo/stm32l5xx_nucleo.o
 .ARM.attributes
                0x00000218       0x3a ./Drivers/STM32L5xx_HAL_Driver/Src/stm32l5xx_hal.o
 .ARM.attributes
                0x00000252       0x3a ./Drivers/STM32L5xx_HAL_Driver/Src/stm32l5xx_hal_cortex.o
 .ARM.attributes
                0x0000028c       0x3a ./Drivers/STM32L5xx_HAL_Driver/Src/stm32l5xx_hal_dfsdm.o
 .ARM.attributes
                0x000002c6       0x3a ./Drivers/STM32L5xx_HAL_Driver/Src/stm32l5xx_hal_dma.o
 .ARM.attributes
                0x00000300       0x3a ./Drivers/STM32L5xx_HAL_Driver/Src/stm32l5xx_hal_exti.o
 .ARM.attributes
                0x0000033a       0x3a ./Drivers/STM32L5xx_HAL_Driver/Src/stm32l5xx_hal_gpio.o
 .ARM.attributes
                0x00000374       0x3a ./Drivers/STM32L5xx_HAL_Driver/Src/stm32l5xx_hal_icache.o
 .ARM.attributes
                0x000003ae       0x3a ./Drivers/STM32L5xx_HAL_Driver/Src/stm32l5xx_hal_pwr_ex.o
 .ARM.attributes
                0x000003e8       0x3a ./Drivers/STM32L5xx_HAL_Driver/Src/stm32l5xx_hal_rcc.o
 .ARM.attributes
                0x00000422       0x3a ./Drivers/STM32L5xx_HAL_Driver/Src/stm32l5xx_hal_rcc_ex.o
 .ARM.attributes
                0x0000045c       0x3a ./Drivers/STM32L5xx_HAL_Driver/Src/stm32l5xx_hal_uart.o
 .ARM.attributes
                0x00000496       0x38 C:/ST/STM32CubeIDE_2.2.0/STM32CubeIDE/plugins/com.st.stm32cube.ide.mcu.externaltools.gnu-tools-for-stm32.14.3.rel1.win32_1.0.100.202602081740/tools/bin/../lib/gcc/arm-none-eabi/14.3.1/../../../../arm-none-eabi/lib/thumb/v8-m.main+fp/hard\libc_nano.a(libc_a-findfp.o)
 .ARM.attributes
                0x000004ce       0x38 C:/ST/STM32CubeIDE_2.2.0/STM32CubeIDE/plugins/com.st.stm32cube.ide.mcu.externaltools.gnu-tools-for-stm32.14.3.rel1.win32_1.0.100.202602081740/tools/bin/../lib/gcc/arm-none-eabi/14.3.1/../../../../arm-none-eabi/lib/thumb/v8-m.main+fp/hard\libc_nano.a(libc_a-fwalk.o)
 .ARM.attributes
                0x00000506       0x38 C:/ST/STM32CubeIDE_2.2.0/STM32CubeIDE/plugins/com.st.stm32cube.ide.mcu.externaltools.gnu-tools-for-stm32.14.3.rel1.win32_1.0.100.202602081740/tools/bin/../lib/gcc/arm-none-eabi/14.3.1/../../../../arm-none-eabi/lib/thumb/v8-m.main+fp/hard\libc_nano.a(libc_a-printf.o)
 .ARM.attributes
                0x0000053e       0x38 C:/ST/STM32CubeIDE_2.2.0/STM32CubeIDE/plugins/com.st.stm32cube.ide.mcu.externaltools.gnu-tools-for-stm32.14.3.rel1.win32_1.0.100.202602081740/tools/bin/../lib/gcc/arm-none-eabi/14.3.1/../../../../arm-none-eabi/lib/thumb/v8-m.main+fp/hard\libc_nano.a(libc_a-stdio.o)
 .ARM.attributes
                0x00000576       0x38 C:/ST/STM32CubeIDE_2.2.0/STM32CubeIDE/plugins/com.st.stm32cube.ide.mcu.externaltools.gnu-tools-for-stm32.14.3.rel1.win32_1.0.100.202602081740/tools/bin/../lib/gcc/arm-none-eabi/14.3.1/../../../../arm-none-eabi/lib/thumb/v8-m.main+fp/hard\libc_nano.a(libc_a-memset.o)
 .ARM.attributes
                0x000005ae       0x38 C:/ST/STM32CubeIDE_2.2.0/STM32CubeIDE/plugins/com.st.stm32cube.ide.mcu.externaltools.gnu-tools-for-stm32.14.3.rel1.win32_1.0.100.202602081740/tools/bin/../lib/gcc/arm-none-eabi/14.3.1/../../../../arm-none-eabi/lib/thumb/v8-m.main+fp/hard\libc_nano.a(libc_a-closer.o)
 .ARM.attributes
                0x000005e6       0x38 C:/ST/STM32CubeIDE_2.2.0/STM32CubeIDE/plugins/com.st.stm32cube.ide.mcu.externaltools.gnu-tools-for-stm32.14.3.rel1.win32_1.0.100.202602081740/tools/bin/../lib/gcc/arm-none-eabi/14.3.1/../../../../arm-none-eabi/lib/thumb/v8-m.main+fp/hard\libc_nano.a(libc_a-reent.o)
 .ARM.attributes
                0x0000061e       0x38 C:/ST/STM32CubeIDE_2.2.0/STM32CubeIDE/plugins/com.st.stm32cube.ide.mcu.externaltools.gnu-tools-for-stm32.14.3.rel1.win32_1.0.100.202602081740/tools/bin/../lib/gcc/arm-none-eabi/14.3.1/../../../../arm-none-eabi/lib/thumb/v8-m.main+fp/hard\libc_nano.a(libc_a-impure.o)
 .ARM.attributes
                0x00000656       0x38 C:/ST/STM32CubeIDE_2.2.0/STM32CubeIDE/plugins/com.st.stm32cube.ide.mcu.externaltools.gnu-tools-for-stm32.14.3.rel1.win32_1.0.100.202602081740/tools/bin/../lib/gcc/arm-none-eabi/14.3.1/../../../../arm-none-eabi/lib/thumb/v8-m.main+fp/hard\libc_nano.a(libc_a-lseekr.o)
 .ARM.attributes
                0x0000068e       0x38 C:/ST/STM32CubeIDE_2.2.0/STM32CubeIDE/plugins/com.st.stm32cube.ide.mcu.externaltools.gnu-tools-for-stm32.14.3.rel1.win32_1.0.100.202602081740/tools/bin/../lib/gcc/arm-none-eabi/14.3.1/../../../../arm-none-eabi/lib/thumb/v8-m.main+fp/hard\libc_nano.a(libc_a-readr.o)
 .ARM.attributes
                0x000006c6       0x38 C:/ST/STM32CubeIDE_2.2.0/STM32CubeIDE/plugins/com.st.stm32cube.ide.mcu.externaltools.gnu-tools-for-stm32.14.3.rel1.win32_1.0.100.202602081740/tools/bin/../lib/gcc/arm-none-eabi/14.3.1/../../../../arm-none-eabi/lib/thumb/v8-m.main+fp/hard\libc_nano.a(libc_a-writer.o)
 .ARM.attributes
                0x000006fe       0x38 C:/ST/STM32CubeIDE_2.2.0/STM32CubeIDE/plugins/com.st.stm32cube.ide.mcu.externaltools.gnu-tools-for-stm32.14.3.rel1.win32_1.0.100.202602081740/tools/bin/../lib/gcc/arm-none-eabi/14.3.1/../../../../arm-none-eabi/lib/thumb/v8-m.main+fp/hard\libc_nano.a(libc_a-errno.o)
 .ARM.attributes
                0x00000736       0x38 C:/ST/STM32CubeIDE_2.2.0/STM32CubeIDE/plugins/com.st.stm32cube.ide.mcu.externaltools.gnu-tools-for-stm32.14.3.rel1.win32_1.0.100.202602081740/tools/bin/../lib/gcc/arm-none-eabi/14.3.1/../../../../arm-none-eabi/lib/thumb/v8-m.main+fp/hard\libc_nano.a(libc_a-init.o)
 .ARM.attributes
                0x0000076e       0x38 C:/ST/STM32CubeIDE_2.2.0/STM32CubeIDE/plugins/com.st.stm32cube.ide.mcu.externaltools.gnu-tools-for-stm32.14.3.rel1.win32_1.0.100.202602081740/tools/bin/../lib/gcc/arm-none-eabi/14.3.1/../../../../arm-none-eabi/lib/thumb/v8-m.main+fp/hard\libc_nano.a(libc_a-lock.o)
 .ARM.attributes
                0x000007a6       0x38 C:/ST/STM32CubeIDE_2.2.0/STM32CubeIDE/plugins/com.st.stm32cube.ide.mcu.externaltools.gnu-tools-for-stm32.14.3.rel1.win32_1.0.100.202602081740/tools/bin/../lib/gcc/arm-none-eabi/14.3.1/../../../../arm-none-eabi/lib/thumb/v8-m.main+fp/hard\libc_nano.a(libc_a-freer.o)
 .ARM.attributes
                0x000007de       0x38 C:/ST/STM32CubeIDE_2.2.0/STM32CubeIDE/plugins/com.st.stm32cube.ide.mcu.externaltools.gnu-tools-for-stm32.14.3.rel1.win32_1.0.100.202602081740/tools/bin/../lib/gcc/arm-none-eabi/14.3.1/../../../../arm-none-eabi/lib/thumb/v8-m.main+fp/hard\libc_nano.a(libc_a-mallocr.o)
 .ARM.attributes
                0x00000816       0x38 C:/ST/STM32CubeIDE_2.2.0/STM32CubeIDE/plugins/com.st.stm32cube.ide.mcu.externaltools.gnu-tools-for-stm32.14.3.rel1.win32_1.0.100.202602081740/tools/bin/../lib/gcc/arm-none-eabi/14.3.1/../../../../arm-none-eabi/lib/thumb/v8-m.main+fp/hard\libc_nano.a(libc_a-mlock.o)
 .ARM.attributes
                0x0000084e       0x38 C:/ST/STM32CubeIDE_2.2.0/STM32CubeIDE/plugins/com.st.stm32cube.ide.mcu.externaltools.gnu-tools-for-stm32.14.3.rel1.win32_1.0.100.202602081740/tools/bin/../lib/gcc/arm-none-eabi/14.3.1/../../../../arm-none-eabi/lib/thumb/v8-m.main+fp/hard\libc_nano.a(libc_a-nano-vfprintf.o)
 .ARM.attributes
                0x00000886       0x38 C:/ST/STM32CubeIDE_2.2.0/STM32CubeIDE/plugins/com.st.stm32cube.ide.mcu.externaltools.gnu-tools-for-stm32.14.3.rel1.win32_1.0.100.202602081740/tools/bin/../lib/gcc/arm-none-eabi/14.3.1/../../../../arm-none-eabi/lib/thumb/v8-m.main+fp/hard\libc_nano.a(libc_a-nano-vfprintf_i.o)
 .ARM.attributes
                0x000008be       0x38 C:/ST/STM32CubeIDE_2.2.0/STM32CubeIDE/plugins/com.st.stm32cube.ide.mcu.externaltools.gnu-tools-for-stm32.14.3.rel1.win32_1.0.100.202602081740/tools/bin/../lib/gcc/arm-none-eabi/14.3.1/../../../../arm-none-eabi/lib/thumb/v8-m.main+fp/hard\libc_nano.a(libc_a-fflush.o)
 .ARM.attributes
                0x000008f6       0x38 C:/ST/STM32CubeIDE_2.2.0/STM32CubeIDE/plugins/com.st.stm32cube.ide.mcu.externaltools.gnu-tools-for-stm32.14.3.rel1.win32_1.0.100.202602081740/tools/bin/../lib/gcc/arm-none-eabi/14.3.1/../../../../arm-none-eabi/lib/thumb/v8-m.main+fp/hard\libc_nano.a(libc_a-wbuf.o)
 .ARM.attributes
                0x0000092e       0x38 C:/ST/STM32CubeIDE_2.2.0/STM32CubeIDE/plugins/com.st.stm32cube.ide.mcu.externaltools.gnu-tools-for-stm32.14.3.rel1.win32_1.0.100.202602081740/tools/bin/../lib/gcc/arm-none-eabi/14.3.1/../../../../arm-none-eabi/lib/thumb/v8-m.main+fp/hard\libc_nano.a(libc_a-wsetup.o)
 .ARM.attributes
                0x00000966       0x38 C:/ST/STM32CubeIDE_2.2.0/STM32CubeIDE/plugins/com.st.stm32cube.ide.mcu.externaltools.gnu-tools-for-stm32.14.3.rel1.win32_1.0.100.202602081740/tools/bin/../lib/gcc/arm-none-eabi/14.3.1/../../../../arm-none-eabi/lib/thumb/v8-m.main+fp/hard\libc_nano.a(libc_a-sbrkr.o)
 .ARM.attributes
                0x0000099e       0x38 C:/ST/STM32CubeIDE_2.2.0/STM32CubeIDE/plugins/com.st.stm32cube.ide.mcu.externaltools.gnu-tools-for-stm32.14.3.rel1.win32_1.0.100.202602081740/tools/bin/../lib/gcc/arm-none-eabi/14.3.1/../../../../arm-none-eabi/lib/thumb/v8-m.main+fp/hard\libc_nano.a(libc_a-memchr-stub.o)
 .ARM.attributes
                0x000009d6       0x38 C:/ST/STM32CubeIDE_2.2.0/STM32CubeIDE/plugins/com.st.stm32cube.ide.mcu.externaltools.gnu-tools-for-stm32.14.3.rel1.win32_1.0.100.202602081740/tools/bin/../lib/gcc/arm-none-eabi/14.3.1/../../../../arm-none-eabi/lib/thumb/v8-m.main+fp/hard\libc_nano.a(libc_a-makebuf.o)
 .ARM.attributes
                0x00000a0e       0x38 C:/ST/STM32CubeIDE_2.2.0/STM32CubeIDE/plugins/com.st.stm32cube.ide.mcu.externaltools.gnu-tools-for-stm32.14.3.rel1.win32_1.0.100.202602081740/tools/bin/../lib/gcc/arm-none-eabi/14.3.1/../../../../arm-none-eabi/lib/thumb/v8-m.main+fp/hard\libc_nano.a(libc_a-fstatr.o)
 .ARM.attributes
                0x00000a46       0x38 C:/ST/STM32CubeIDE_2.2.0/STM32CubeIDE/plugins/com.st.stm32cube.ide.mcu.externaltools.gnu-tools-for-stm32.14.3.rel1.win32_1.0.100.202602081740/tools/bin/../lib/gcc/arm-none-eabi/14.3.1/../../../../arm-none-eabi/lib/thumb/v8-m.main+fp/hard\libc_nano.a(libc_a-isattyr.o)
 .ARM.attributes
                0x00000a7e       0x26 C:/ST/STM32CubeIDE_2.2.0/STM32CubeIDE/plugins/com.st.stm32cube.ide.mcu.externaltools.gnu-tools-for-stm32.14.3.rel1.win32_1.0.100.202602081740/tools/bin/../lib/gcc/arm-none-eabi/14.3.1/thumb/v8-m.main+fp/hard\libgcc.a(_aeabi_uldivmod.o)
 .ARM.attributes
                0x00000aa4       0x38 C:/ST/STM32CubeIDE_2.2.0/STM32CubeIDE/plugins/com.st.stm32cube.ide.mcu.externaltools.gnu-tools-for-stm32.14.3.rel1.win32_1.0.100.202602081740/tools/bin/../lib/gcc/arm-none-eabi/14.3.1/thumb/v8-m.main+fp/hard\libgcc.a(_udivmoddi4.o)
 .ARM.attributes
                0x00000adc       0x26 C:/ST/STM32CubeIDE_2.2.0/STM32CubeIDE/plugins/com.st.stm32cube.ide.mcu.externaltools.gnu-tools-for-stm32.14.3.rel1.win32_1.0.100.202602081740/tools/bin/../lib/gcc/arm-none-eabi/14.3.1/thumb/v8-m.main+fp/hard\libgcc.a(_dvmd_tls.o)
 .ARM.attributes
                0x00000b02       0x26 C:/ST/STM32CubeIDE_2.2.0/STM32CubeIDE/plugins/com.st.stm32cube.ide.mcu.externaltools.gnu-tools-for-stm32.14.3.rel1.win32_1.0.100.202602081740/tools/bin/../lib/gcc/arm-none-eabi/14.3.1/thumb/v8-m.main+fp/hard/crtn.o
OUTPUT(mic_test.elf elf32-littlearm)
LOAD linker stubs
LOAD C:/ST/STM32CubeIDE_2.2.0/STM32CubeIDE/plugins/com.st.stm32cube.ide.mcu.externaltools.gnu-tools-for-stm32.14.3.rel1.win32_1.0.100.202602081740/tools/bin/../lib/gcc/arm-none-eabi/14.3.1/../../../../arm-none-eabi/lib/thumb/v8-m.main+fp/hard\libc.a
LOAD C:/ST/STM32CubeIDE_2.2.0/STM32CubeIDE/plugins/com.st.stm32cube.ide.mcu.externaltools.gnu-tools-for-stm32.14.3.rel1.win32_1.0.100.202602081740/tools/bin/../lib/gcc/arm-none-eabi/14.3.1/../../../../arm-none-eabi/lib/thumb/v8-m.main+fp/hard\libm.a
LOAD C:/ST/STM32CubeIDE_2.2.0/STM32CubeIDE/plugins/com.st.stm32cube.ide.mcu.externaltools.gnu-tools-for-stm32.14.3.rel1.win32_1.0.100.202602081740/tools/bin/../lib/gcc/arm-none-eabi/14.3.1/thumb/v8-m.main+fp/hard\libgcc.a

.debug_info     0x00000000    0x129f0
 .debug_info    0x00000000     0x1bc8 ./Core/Src/main.o
 .debug_info    0x00001bc8     0x1231 ./Core/Src/stm32l5xx_hal_msp.o
 .debug_info    0x00002df9      0x4d9 ./Core/Src/stm32l5xx_it.o
 .debug_info    0x000032d2      0x6a3 ./Core/Src/syscalls.o
 .debug_info    0x00003975      0x168 ./Core/Src/sysmem.o
 .debug_info    0x00003add      0x7e2 ./Core/Src/system_stm32l5xx.o
 .debug_info    0x000042bf       0x30 ./Core/Startup/startup_stm32l552zetxq.o
 .debug_info    0x000042ef     0x1a86 ./Drivers/BSP/STM32L5xx_Nucleo/stm32l5xx_nucleo.o
 .debug_info    0x00005d75      0xcf5 ./Drivers/STM32L5xx_HAL_Driver/Src/stm32l5xx_hal.o
 .debug_info    0x00006a6a     0x1102 ./Drivers/STM32L5xx_HAL_Driver/Src/stm32l5xx_hal_cortex.o
 .debug_info    0x00007b6c     0x1b8c ./Drivers/STM32L5xx_HAL_Driver/Src/stm32l5xx_hal_dfsdm.o
 .debug_info    0x000096f8      0x920 ./Drivers/STM32L5xx_HAL_Driver/Src/stm32l5xx_hal_dma.o
 .debug_info    0x0000a018      0x7b5 ./Drivers/STM32L5xx_HAL_Driver/Src/stm32l5xx_hal_exti.o
 .debug_info    0x0000a7cd      0x5e3 ./Drivers/STM32L5xx_HAL_Driver/Src/stm32l5xx_hal_gpio.o
 .debug_info    0x0000adb0      0x4c1 ./Drivers/STM32L5xx_HAL_Driver/Src/stm32l5xx_hal_icache.o
 .debug_info    0x0000b271      0xd78 ./Drivers/STM32L5xx_HAL_Driver/Src/stm32l5xx_hal_pwr_ex.o
 .debug_info    0x0000bfe9      0xf84 ./Drivers/STM32L5xx_HAL_Driver/Src/stm32l5xx_hal_rcc.o
 .debug_info    0x0000cf6d     0x1152 ./Drivers/STM32L5xx_HAL_Driver/Src/stm32l5xx_hal_rcc_ex.o
 .debug_info    0x0000e0bf     0x4931 ./Drivers/STM32L5xx_HAL_Driver/Src/stm32l5xx_hal_uart.o

.debug_abbrev   0x00000000     0x296a
 .debug_abbrev  0x00000000      0x36c ./Core/Src/main.o
 .debug_abbrev  0x0000036c      0x246 ./Core/Src/stm32l5xx_hal_msp.o
 .debug_abbrev  0x000005b2      0x16b ./Core/Src/stm32l5xx_it.o
 .debug_abbrev  0x0000071d      0x1b6 ./Core/Src/syscalls.o
 .debug_abbrev  0x000008d3       0xbc ./Core/Src/sysmem.o
 .debug_abbrev  0x0000098f      0x12b ./Core/Src/system_stm32l5xx.o
 .debug_abbrev  0x00000aba       0x24 ./Core/Startup/startup_stm32l552zetxq.o
 .debug_abbrev  0x00000ade      0x324 ./Drivers/BSP/STM32L5xx_Nucleo/stm32l5xx_nucleo.o
 .debug_abbrev  0x00000e02      0x2cd ./Drivers/STM32L5xx_HAL_Driver/Src/stm32l5xx_hal.o
 .debug_abbrev  0x000010cf      0x32b ./Drivers/STM32L5xx_HAL_Driver/Src/stm32l5xx_hal_cortex.o
 .debug_abbrev  0x000013fa      0x27d ./Drivers/STM32L5xx_HAL_Driver/Src/stm32l5xx_hal_dfsdm.o
 .debug_abbrev  0x00001677      0x1f4 ./Drivers/STM32L5xx_HAL_Driver/Src/stm32l5xx_hal_dma.o
 .debug_abbrev  0x0000186b      0x198 ./Drivers/STM32L5xx_HAL_Driver/Src/stm32l5xx_hal_exti.o
 .debug_abbrev  0x00001a03      0x1c9 ./Drivers/STM32L5xx_HAL_Driver/Src/stm32l5xx_hal_gpio.o
 .debug_abbrev  0x00001bcc      0x228 ./Drivers/STM32L5xx_HAL_Driver/Src/stm32l5xx_hal_icache.o
 .debug_abbrev  0x00001df4      0x28c ./Drivers/STM32L5xx_HAL_Driver/Src/stm32l5xx_hal_pwr_ex.o
 .debug_abbrev  0x00002080      0x2fd ./Drivers/STM32L5xx_HAL_Driver/Src/stm32l5xx_hal_rcc.o
 .debug_abbrev  0x0000237d      0x2c8 ./Drivers/STM32L5xx_HAL_Driver/Src/stm32l5xx_hal_rcc_ex.o
 .debug_abbrev  0x00002645      0x325 ./Drivers/STM32L5xx_HAL_Driver/Src/stm32l5xx_hal_uart.o

.debug_aranges  0x00000000      0xf98
 .debug_aranges
                0x00000000       0x70 ./Core/Src/main.o
 .debug_aranges
                0x00000070       0x40 ./Core/Src/stm32l5xx_hal_msp.o
 .debug_aranges
                0x000000b0       0x70 ./Core/Src/stm32l5xx_it.o
 .debug_aranges
                0x00000120       0xa8 ./Core/Src/syscalls.o
 .debug_aranges
                0x000001c8       0x20 ./Core/Src/sysmem.o
 .debug_aranges
                0x000001e8       0x28 ./Core/Src/system_stm32l5xx.o
 .debug_aranges
                0x00000210       0x28 ./Core/Startup/startup_stm32l552zetxq.o
 .debug_aranges
                0x00000238       0xd0 ./Drivers/BSP/STM32L5xx_Nucleo/stm32l5xx_nucleo.o
 .debug_aranges
                0x00000308      0x130 ./Drivers/STM32L5xx_HAL_Driver/Src/stm32l5xx_hal.o
 .debug_aranges
                0x00000438      0x140 ./Drivers/STM32L5xx_HAL_Driver/Src/stm32l5xx_hal_cortex.o
 .debug_aranges
                0x00000578      0x248 ./Drivers/STM32L5xx_HAL_Driver/Src/stm32l5xx_hal_dfsdm.o
 .debug_aranges
                0x000007c0       0xa0 ./Drivers/STM32L5xx_HAL_Driver/Src/stm32l5xx_hal_dma.o
 .debug_aranges
                0x00000860       0x70 ./Drivers/STM32L5xx_HAL_Driver/Src/stm32l5xx_hal_exti.o
 .debug_aranges
                0x000008d0       0x60 ./Drivers/STM32L5xx_HAL_Driver/Src/stm32l5xx_hal_gpio.o
 .debug_aranges
                0x00000930       0xa8 ./Drivers/STM32L5xx_HAL_Driver/Src/stm32l5xx_hal_icache.o
 .debug_aranges
                0x000009d8      0x1b8 ./Drivers/STM32L5xx_HAL_Driver/Src/stm32l5xx_hal_pwr_ex.o
 .debug_aranges
                0x00000b90       0xa8 ./Drivers/STM32L5xx_HAL_Driver/Src/stm32l5xx_hal_rcc.o
 .debug_aranges
                0x00000c38      0x118 ./Drivers/STM32L5xx_HAL_Driver/Src/stm32l5xx_hal_rcc_ex.o
 .debug_aranges
                0x00000d50      0x248 ./Drivers/STM32L5xx_HAL_Driver/Src/stm32l5xx_hal_uart.o

.debug_rnglists
                0x00000000      0xbeb
 .debug_rnglists
                0x00000000       0x53 ./Core/Src/main.o
 .debug_rnglists
                0x00000053       0x2d ./Core/Src/stm32l5xx_hal_msp.o
 .debug_rnglists
                0x00000080       0x4f ./Core/Src/stm32l5xx_it.o
 .debug_rnglists
                0x000000cf       0x79 ./Core/Src/syscalls.o
 .debug_rnglists
                0x00000148       0x13 ./Core/Src/sysmem.o
 .debug_rnglists
                0x0000015b       0x1a ./Core/Src/system_stm32l5xx.o
 .debug_rnglists
                0x00000175       0x19 ./Core/Startup/startup_stm32l552zetxq.o
 .debug_rnglists
                0x0000018e       0x9c ./Drivers/BSP/STM32L5xx_Nucleo/stm32l5xx_nucleo.o
 .debug_rnglists
                0x0000022a       0xdf ./Drivers/STM32L5xx_HAL_Driver/Src/stm32l5xx_hal.o
 .debug_rnglists
                0x00000309       0xeb ./Drivers/STM32L5xx_HAL_Driver/Src/stm32l5xx_hal_cortex.o
 .debug_rnglists
                0x000003f4      0x1c6 ./Drivers/STM32L5xx_HAL_Driver/Src/stm32l5xx_hal_dfsdm.o
 .debug_rnglists
                0x000005ba       0x7d ./Drivers/STM32L5xx_HAL_Driver/Src/stm32l5xx_hal_dma.o
 .debug_rnglists
                0x00000637       0x53 ./Drivers/STM32L5xx_HAL_Driver/Src/stm32l5xx_hal_exti.o
 .debug_rnglists
                0x0000068a       0x45 ./Drivers/STM32L5xx_HAL_Driver/Src/stm32l5xx_hal_gpio.o
 .debug_rnglists
                0x000006cf       0x7a ./Drivers/STM32L5xx_HAL_Driver/Src/stm32l5xx_hal_icache.o
 .debug_rnglists
                0x00000749      0x14e ./Drivers/STM32L5xx_HAL_Driver/Src/stm32l5xx_hal_pwr_ex.o
 .debug_rnglists
                0x00000897       0x80 ./Drivers/STM32L5xx_HAL_Driver/Src/stm32l5xx_hal_rcc.o
 .debug_rnglists
                0x00000917       0xdd ./Drivers/STM32L5xx_HAL_Driver/Src/stm32l5xx_hal_rcc_ex.o
 .debug_rnglists
                0x000009f4      0x1f7 ./Drivers/STM32L5xx_HAL_Driver/Src/stm32l5xx_hal_uart.o

.debug_macro    0x00000000    0x299e6
 .debug_macro   0x00000000      0x310 ./Core/Src/main.o
 .debug_macro   0x00000310      0xae4 ./Core/Src/main.o
 .debug_macro   0x00000df4      0x196 ./Core/Src/main.o
 .debug_macro   0x00000f8a       0x2e ./Core/Src/main.o
 .debug_macro   0x00000fb8       0x42 ./Core/Src/main.o
 .debug_macro   0x00000ffa       0x22 ./Core/Src/main.o
 .debug_macro   0x0000101c       0x8e ./Core/Src/main.o
 .debug_macro   0x000010aa       0x51 ./Core/Src/main.o
 .debug_macro   0x000010fb      0x103 ./Core/Src/main.o
 .debug_macro   0x000011fe       0x6a ./Core/Src/main.o
 .debug_macro   0x00001268      0x1df ./Core/Src/main.o
 .debug_macro   0x00001447       0x1c ./Core/Src/main.o
 .debug_macro   0x00001463       0x29 ./Core/Src/main.o
 .debug_macro   0x0000148c       0xfb ./Core/Src/main.o
 .debug_macro   0x00001587     0x1336 ./Core/Src/main.o
 .debug_macro   0x000028bd       0x5e ./Core/Src/main.o
 .debug_macro   0x0000291b    0x1aca2 ./Core/Src/main.o
 .debug_macro   0x0001d5bd       0x6c ./Core/Src/main.o
 .debug_macro   0x0001d629     0x353c ./Core/Src/main.o
 .debug_macro   0x00020b65      0x190 ./Core/Src/main.o
 .debug_macro   0x00020cf5       0x5d ./Core/Src/main.o
 .debug_macro   0x00020d52     0x1987 ./Core/Src/main.o
 .debug_macro   0x000226d9      0xa52 ./Core/Src/main.o
 .debug_macro   0x0002312b      0x1cf ./Core/Src/main.o
 .debug_macro   0x000232fa      0x1d8 ./Core/Src/main.o
 .debug_macro   0x000234d2      0x4e1 ./Core/Src/main.o
 .debug_macro   0x000239b3      0x1ab ./Core/Src/main.o
 .debug_macro   0x00023b5e       0x4a ./Core/Src/main.o
 .debug_macro   0x00023ba8      0x1df ./Core/Src/main.o
 .debug_macro   0x00023d87       0x10 ./Core/Src/main.o
 .debug_macro   0x00023d97       0xb3 ./Core/Src/main.o
 .debug_macro   0x00023e4a      0x1b9 ./Core/Src/main.o
 .debug_macro   0x00024003      0x230 ./Core/Src/main.o
 .debug_macro   0x00024233      0x3bb ./Core/Src/main.o
 .debug_macro   0x000245ee       0x36 ./Core/Src/main.o
 .debug_macro   0x00024624      0x11c ./Core/Src/main.o
 .debug_macro   0x00024740      0x22c ./Core/Src/main.o
 .debug_macro   0x0002496c       0x5b ./Core/Src/main.o
 .debug_macro   0x000249c7       0xa5 ./Core/Src/main.o
 .debug_macro   0x00024a6c       0xc9 ./Core/Src/main.o
 .debug_macro   0x00024b35      0x199 ./Core/Src/main.o
 .debug_macro   0x00024cce      0x487 ./Core/Src/main.o
 .debug_macro   0x00025155      0x693 ./Core/Src/main.o
 .debug_macro   0x000257e8       0xa6 ./Core/Src/main.o
 .debug_macro   0x0002588e      0x3f1 ./Core/Src/main.o
 .debug_macro   0x00025c7f       0x2e ./Core/Src/main.o
 .debug_macro   0x00025cad       0x52 ./Core/Src/main.o
 .debug_macro   0x00025cff      0x15a ./Core/Src/main.o
 .debug_macro   0x00025e59       0x61 ./Core/Src/main.o
 .debug_macro   0x00025eba       0x2a ./Core/Src/main.o
 .debug_macro   0x00025ee4       0x43 ./Core/Src/main.o
 .debug_macro   0x00025f27       0x34 ./Core/Src/main.o
 .debug_macro   0x00025f5b       0x16 ./Core/Src/main.o
 .debug_macro   0x00025f71       0x3c ./Core/Src/main.o
 .debug_macro   0x00025fad      0x364 ./Core/Src/main.o
 .debug_macro   0x00026311       0x10 ./Core/Src/main.o
 .debug_macro   0x00026321       0x16 ./Core/Src/main.o
 .debug_macro   0x00026337       0x4a ./Core/Src/main.o
 .debug_macro   0x00026381       0x34 ./Core/Src/main.o
 .debug_macro   0x000263b5       0x10 ./Core/Src/main.o
 .debug_macro   0x000263c5       0x58 ./Core/Src/main.o
 .debug_macro   0x0002641d       0x8e ./Core/Src/main.o
 .debug_macro   0x000264ab       0x1c ./Core/Src/main.o
 .debug_macro   0x000264c7      0x17e ./Core/Src/main.o
 .debug_macro   0x00026645       0x16 ./Core/Src/main.o
 .debug_macro   0x0002665b       0x16 ./Core/Src/main.o
 .debug_macro   0x00026671      0x146 ./Core/Src/main.o
 .debug_macro   0x000267b7      0x2f8 ./Core/Src/stm32l5xx_hal_msp.o
 .debug_macro   0x00026aaf      0x302 ./Core/Src/stm32l5xx_it.o
 .debug_macro   0x00026db1      0x274 ./Core/Src/syscalls.o
 .debug_macro   0x00027025       0x5b ./Core/Src/syscalls.o
 .debug_macro   0x00027080       0x94 ./Core/Src/syscalls.o
 .debug_macro   0x00027114       0x57 ./Core/Src/syscalls.o
 .debug_macro   0x0002716b       0x10 ./Core/Src/syscalls.o
 .debug_macro   0x0002717b       0x10 ./Core/Src/syscalls.o
 .debug_macro   0x0002718b       0x10 ./Core/Src/syscalls.o
 .debug_macro   0x0002719b       0x10 ./Core/Src/syscalls.o
 .debug_macro   0x000271ab       0x1c ./Core/Src/syscalls.o
 .debug_macro   0x000271c7       0x52 ./Core/Src/syscalls.o
 .debug_macro   0x00027219       0x22 ./Core/Src/syscalls.o
 .debug_macro   0x0002723b       0x10 ./Core/Src/syscalls.o
 .debug_macro   0x0002724b       0x52 ./Core/Src/syscalls.o
 .debug_macro   0x0002729d       0xcf ./Core/Src/syscalls.o
 .debug_macro   0x0002736c       0x1c ./Core/Src/syscalls.o
 .debug_macro   0x00027388       0x3d ./Core/Src/syscalls.o
 .debug_macro   0x000273c5       0x35 ./Core/Src/syscalls.o
 .debug_macro   0x000273fa      0x12c ./Core/Src/syscalls.o
 .debug_macro   0x00027526       0x16 ./Core/Src/syscalls.o
 .debug_macro   0x0002753c       0x16 ./Core/Src/syscalls.o
 .debug_macro   0x00027552       0x29 ./Core/Src/syscalls.o
 .debug_macro   0x0002757b       0x10 ./Core/Src/syscalls.o
 .debug_macro   0x0002758b      0x242 ./Core/Src/syscalls.o
 .debug_macro   0x000277cd       0x1c ./Core/Src/syscalls.o
 .debug_macro   0x000277e9       0x10 ./Core/Src/syscalls.o
 .debug_macro   0x000277f9      0x18a ./Core/Src/syscalls.o
 .debug_macro   0x00027983       0x16 ./Core/Src/syscalls.o
 .debug_macro   0x00027999       0xce ./Core/Src/syscalls.o
 .debug_macro   0x00027a67      0x116 ./Core/Src/sysmem.o
 .debug_macro   0x00027b7d      0x23c ./Core/Src/sysmem.o
 .debug_macro   0x00027db9      0x1f5 ./Core/Src/system_stm32l5xx.o
 .debug_macro   0x00027fae      0x2fa ./Drivers/BSP/STM32L5xx_Nucleo/stm32l5xx_nucleo.o
 .debug_macro   0x000282a8       0x28 ./Drivers/BSP/STM32L5xx_Nucleo/stm32l5xx_nucleo.o
 .debug_macro   0x000282d0      0x225 ./Drivers/STM32L5xx_HAL_Driver/Src/stm32l5xx_hal.o
 .debug_macro   0x000284f5      0x1f5 ./Drivers/STM32L5xx_HAL_Driver/Src/stm32l5xx_hal_cortex.o
 .debug_macro   0x000286ea      0x219 ./Drivers/STM32L5xx_HAL_Driver/Src/stm32l5xx_hal_dfsdm.o
 .debug_macro   0x00028903      0x1f5 ./Drivers/STM32L5xx_HAL_Driver/Src/stm32l5xx_hal_dma.o
 .debug_macro   0x00028af8      0x20d ./Drivers/STM32L5xx_HAL_Driver/Src/stm32l5xx_hal_exti.o
 .debug_macro   0x00028d05      0x1fb ./Drivers/STM32L5xx_HAL_Driver/Src/stm32l5xx_hal_gpio.o
 .debug_macro   0x00028f00      0x227 ./Drivers/STM32L5xx_HAL_Driver/Src/stm32l5xx_hal_icache.o
 .debug_macro   0x00029127      0x225 ./Drivers/STM32L5xx_HAL_Driver/Src/stm32l5xx_hal_pwr_ex.o
 .debug_macro   0x0002934c      0x21f ./Drivers/STM32L5xx_HAL_Driver/Src/stm32l5xx_hal_rcc.o
 .debug_macro   0x0002956b      0x25b ./Drivers/STM32L5xx_HAL_Driver/Src/stm32l5xx_hal_rcc_ex.o
 .debug_macro   0x000297c6      0x220 ./Drivers/STM32L5xx_HAL_Driver/Src/stm32l5xx_hal_uart.o

.debug_line     0x00000000    0x12765
 .debug_line    0x00000000      0xc0e ./Core/Src/main.o
 .debug_line    0x00000c0e      0xabc ./Core/Src/stm32l5xx_hal_msp.o
 .debug_line    0x000016ca      0xa53 ./Core/Src/stm32l5xx_it.o
 .debug_line    0x0000211d      0x8b1 ./Core/Src/syscalls.o
 .debug_line    0x000029ce      0x58d ./Core/Src/sysmem.o
 .debug_line    0x00002f5b      0x853 ./Core/Src/system_stm32l5xx.o
 .debug_line    0x000037ae       0x79 ./Core/Startup/startup_stm32l552zetxq.o
 .debug_line    0x00003827      0xd4c ./Drivers/BSP/STM32L5xx_Nucleo/stm32l5xx_nucleo.o
 .debug_line    0x00004573      0xbd9 ./Drivers/STM32L5xx_HAL_Driver/Src/stm32l5xx_hal.o
 .debug_line    0x0000514c      0xdf4 ./Drivers/STM32L5xx_HAL_Driver/Src/stm32l5xx_hal_cortex.o
 .debug_line    0x00005f40     0x1ed2 ./Drivers/STM32L5xx_HAL_Driver/Src/stm32l5xx_hal_dfsdm.o
 .debug_line    0x00007e12     0x1036 ./Drivers/STM32L5xx_HAL_Driver/Src/stm32l5xx_hal_dma.o
 .debug_line    0x00008e48      0xbee ./Drivers/STM32L5xx_HAL_Driver/Src/stm32l5xx_hal_exti.o
 .debug_line    0x00009a36      0xc0e ./Drivers/STM32L5xx_HAL_Driver/Src/stm32l5xx_hal_gpio.o
 .debug_line    0x0000a644      0xaa8 ./Drivers/STM32L5xx_HAL_Driver/Src/stm32l5xx_hal_icache.o
 .debug_line    0x0000b0ec      0xf7d ./Drivers/STM32L5xx_HAL_Driver/Src/stm32l5xx_hal_pwr_ex.o
 .debug_line    0x0000c069     0x13f9 ./Drivers/STM32L5xx_HAL_Driver/Src/stm32l5xx_hal_rcc.o
 .debug_line    0x0000d462     0x1cb6 ./Drivers/STM32L5xx_HAL_Driver/Src/stm32l5xx_hal_rcc_ex.o
 .debug_line    0x0000f118     0x364d ./Drivers/STM32L5xx_HAL_Driver/Src/stm32l5xx_hal_uart.o

.debug_str      0x00000000   0x103c94
 .debug_str     0x00000000   0x103c94 ./Core/Src/main.o
                              0xfd9a9 (size before relaxing)
 .debug_str     0x00103c94    0xfcf62 ./Core/Src/stm32l5xx_hal_msp.o
 .debug_str     0x00103c94    0xfc484 ./Core/Src/stm32l5xx_it.o
 .debug_str     0x00103c94     0x9987 ./Core/Src/syscalls.o
 .debug_str     0x00103c94     0x7731 ./Core/Src/sysmem.o
 .debug_str     0x00103c94    0xf8397 ./Core/Src/system_stm32l5xx.o
 .debug_str     0x00103c94       0x77 ./Core/Startup/startup_stm32l552zetxq.o
 .debug_str     0x00103c94    0xfd4a5 ./Drivers/BSP/STM32L5xx_Nucleo/stm32l5xx_nucleo.o
 .debug_str     0x00103c94    0xf8f0e ./Drivers/STM32L5xx_HAL_Driver/Src/stm32l5xx_hal.o
 .debug_str     0x00103c94    0xf8d4d ./Drivers/STM32L5xx_HAL_Driver/Src/stm32l5xx_hal_cortex.o
 .debug_str     0x00103c94    0xf92c8 ./Drivers/STM32L5xx_HAL_Driver/Src/stm32l5xx_hal_dfsdm.o
 .debug_str     0x00103c94    0xf8709 ./Drivers/STM32L5xx_HAL_Driver/Src/stm32l5xx_hal_dma.o
 .debug_str     0x00103c94    0xf8417 ./Drivers/STM32L5xx_HAL_Driver/Src/stm32l5xx_hal_exti.o
 .debug_str     0x00103c94    0xf8320 ./Drivers/STM32L5xx_HAL_Driver/Src/stm32l5xx_hal_gpio.o
 .debug_str     0x00103c94    0xf8773 ./Drivers/STM32L5xx_HAL_Driver/Src/stm32l5xx_hal_icache.o
 .debug_str     0x00103c94    0xf8afc ./Drivers/STM32L5xx_HAL_Driver/Src/stm32l5xx_hal_pwr_ex.o
 .debug_str     0x00103c94    0xf89b1 ./Drivers/STM32L5xx_HAL_Driver/Src/stm32l5xx_hal_rcc.o
 .debug_str     0x00103c94    0xf8f07 ./Drivers/STM32L5xx_HAL_Driver/Src/stm32l5xx_hal_rcc_ex.o
 .debug_str     0x00103c94    0xf92d7 ./Drivers/STM32L5xx_HAL_Driver/Src/stm32l5xx_hal_uart.o

.comment        0x00000000       0x43