../Core/Src/main.c:80:6:store_samples	24	static
../Core/Src/main.c:92:5:main	24	static
../Core/Src/main.c:237:6:SystemClock_Config	104	static
../Core/Src/main.c:288:13:MX_DFSDM1_Init	8	static
../Core/Src/main.c:341:13:MX_ICACHE_Init	8	static
../Core/Src/main.c:371:13:MX_DMA_Init	16	static
../Core/Src/main.c:390:13:MX_GPIO_Init	32	static
../Core/Src/main.c:410:6:HAL_DFSDM_FilterRegConvHalfCpltCallback	16	static
../Core/Src/main.c:415:6:HAL_DFSDM_FilterRegConvCpltCallback	16	static
../Core/Src/main.c:426:6:BSP_PB_Callback	16	static
../Core/Src/main.c:438:6:Error_Handler	4	static,ignoring_inline_asm
